Archive member included to satisfy reference by file (symbol)

f:/fri_novssd/stm32-cubeide/stm32cubeide_1.9.0/stm32cubeide/plugins/com.st.stm32cube.ide.mcu.externaltools.gnu-tools-for-stm32.10.3-2021.10.win32_1.0.0.202111181127/tools/bin/../lib/gcc/arm-none-eabi/10.3.1/../../../../arm-none-eabi/lib/thumb/v7e-m+fp/hard\libc_nano.a(lib_a-errno.o)
                              ./Core/Src/syscalls.o (__errno)
f:/fri_novssd/stm32-cubeide/stm32cubeide_1.9.0/stm32cubeide/plugins/com.st.stm32cube.ide.mcu.externaltools.gnu-tools-for-stm32.10.3-2021.10.win32_1.0.0.202111181127/tools/bin/../lib/gcc/arm-none-eabi/10.3.1/../../../../arm-none-eabi/lib/thumb/v7e-m+fp/hard\libc_nano.a(lib_a-exit.o)
                              f:/fri_novssd/stm32-cubeide/stm32cubeide_1.9.0/stm32cubeide/plugins/com.st.stm32cube.ide.mcu.externaltools.gnu-tools-for-stm32.10.3-2021.10.win32_1.0.0.202111181127/tools/bin/../lib/gcc/arm-none-eabi/10.3.1/../../../../arm-none-eabi/lib/thumb/v7e-m+fp/hard/crt0.o (exit)
f:/fri_novssd/stm32-cubeide/stm32cubeide_1.9.0/stm32cubeide/plugins/com.st.stm32cube.ide.mcu.externaltools.gnu-tools-for-stm32.10.3-2021.10.win32_1.0.0.202111181127/tools/bin/../lib/gcc/arm-none-eabi/10.3.1/../../../../arm-none-eabi/lib/thumb/v7e-m+fp/hard\libc_nano.a(lib_a-impure.o)
                              f:/fri_novssd/stm32-cubeide/stm32cubeide_1.9.0/stm32cubeide/plugins/com.st.stm32cube.ide.mcu.externaltools.gnu-tools-for-stm32.10.3-2021.10.win32_1.0.0.202111181127/tools/bin/../lib/gcc/arm-none-eabi/10.3.1/../../../../arm-none-eabi/lib/thumb/v7e-m+fp/hard\libc_nano.a(lib_a-exit.o) (_global_impure_ptr)
f:/fri_novssd/stm32-cubeide/stm32cubeide_1.9.0/stm32cubeide/plugins/com.st.stm32cube.ide.mcu.externaltools.gnu-tools-for-stm32.10.3-2021.10.win32_1.0.0.202111181127/tools/bin/../lib/gcc/arm-none-eabi/10.3.1/../../../../arm-none-eabi/lib/thumb/v7e-m+fp/hard\libc_nano.a(lib_a-init.o)
                              f:/fri_novssd/stm32-cubeide/stm32cubeide_1.9.0/stm32cubeide/plugins/com.st.stm32cube.ide.mcu.externaltools.gnu-tools-for-stm32.10.3-2021.10.win32_1.0.0.202111181127/tools/bin/../lib/gcc/arm-none-eabi/10.3.1/../../../../arm-none-eabi/lib/thumb/v7e-m+fp/hard/crt0.o (__libc_init_array)
f:/fri_novssd/stm32-cubeide/stm32cubeide_1.9.0/stm32cubeide/plugins/com.st.stm32cube.ide.mcu.externaltools.gnu-tools-for-stm32.10.3-2021.10.win32_1.0.0.202111181127/tools/bin/../lib/gcc/arm-none-eabi/10.3.1/../../../../arm-none-eabi/lib/thumb/v7e-m+fp/hard\libc_nano.a(lib_a-memset.o)
                              f:/fri_novssd/stm32-cubeide/stm32cubeide_1.9.0/stm32cubeide/plugins/com.st.stm32cube.ide.mcu.externaltools.gnu-tools-for-stm32.10.3-2021.10.win32_1.0.0.202111181127/tools/bin/../lib/gcc/arm-none-eabi/10.3.1/../../../../arm-none-eabi/lib/thumb/v7e-m+fp/hard/crt0.o (memset)
f:/fri_novssd/stm32-cubeide/stm32cubeide_1.9.0/stm32cubeide/plugins/com.st.stm32cube.ide.mcu.externaltools.gnu-tools-for-stm32.10.3-2021.10.win32_1.0.0.202111181127/tools/bin/../lib/gcc/arm-none-eabi/10.3.1/thumb/v7e-m+fp/hard\libgcc.a(_arm_addsubdf3.o)
                              ./Core/Src/main.o (__aeabi_dadd)
f:/fri_novssd/stm32-cubeide/stm32cubeide_1.9.0/stm32cubeide/plugins/com.st.stm32cube.ide.mcu.externaltools.gnu-tools-for-stm32.10.3-2021.10.win32_1.0.0.202111181127/tools/bin/../lib/gcc/arm-none-eabi/10.3.1/thumb/v7e-m+fp/hard\libgcc.a(_arm_muldivdf3.o)
                              ./Core/Src/main.o (__aeabi_ddiv)
f:/fri_novssd/stm32-cubeide/stm32cubeide_1.9.0/stm32cubeide/plugins/com.st.stm32cube.ide.mcu.externaltools.gnu-tools-for-stm32.10.3-2021.10.win32_1.0.0.202111181127/tools/bin/../lib/gcc/arm-none-eabi/10.3.1/thumb/v7e-m+fp/hard\libgcc.a(_arm_fixdfsi.o)
                              ./Core/Src/main.o (__aeabi_d2iz)
f:/fri_novssd/stm32-cubeide/stm32cubeide_1.9.0/stm32cubeide/plugins/com.st.stm32cube.ide.mcu.externaltools.gnu-tools-for-stm32.10.3-2021.10.win32_1.0.0.202111181127/tools/bin/../lib/gcc/arm-none-eabi/10.3.1/thumb/v7e-m+fp/hard\libgcc.a(_aeabi_uldivmod.o)
                              ./Drivers/STM32F4xx_HAL_Driver/Src/stm32f4xx_hal_rcc.o (__aeabi_uldivmod)
f:/fri_novssd/stm32-cubeide/stm32cubeide_1.9.0/stm32cubeide/plugins/com.st.stm32cube.ide.mcu.externaltools.gnu-tools-for-stm32.10.3-2021.10.win32_1.0.0.202111181127/tools/bin/../lib/gcc/arm-none-eabi/10.3.1/thumb/v7e-m+fp/hard\libgcc.a(_udivmoddi4.o)
                              f:/fri_novssd/stm32-cubeide/stm32cubeide_1.9.0/stm32cubeide/plugins/com.st.stm32cube.ide.mcu.externaltools.gnu-tools-for-stm32.10.3-2021.10.win32_1.0.0.202111181127/tools/bin/../lib/gcc/arm-none-eabi/10.3.1/thumb/v7e-m+fp/hard\libgcc.a(_aeabi_uldivmod.o) (__udivmoddi4)
f:/fri_novssd/stm32-cubeide/stm32cubeide_1.9.0/stm32cubeide/plugins/com.st.stm32cube.ide.mcu.externaltools.gnu-tools-for-stm32.10.3-2021.10.win32_1.0.0.202111181127/tools/bin/../lib/gcc/arm-none-eabi/10.3.1/thumb/v7e-m+fp/hard\libgcc.a(_dvmd_tls.o)
[...]
Memory Configuration

Name             Origin             Length             Attributes
CCMRAM           0x0000000010000000 0x0000000000010000 xrw
RAM              0x0000000020000000 0x0000000000020000 xrw
FLASH            0x0000000008000000 0x0000000000100000 xr
*default*        0x0000000000000000 0xffffffffffffffff

Linker script and memory map

LOAD f:/fri_novssd/stm32-cubeide/stm32cubeide_1.9.0/stm32cubeide/plugins/com.st.stm32cube.ide.mcu.externaltools.gnu-tools-for-stm32.10.3-2021.10.win32_1.0.0.202111181127/tools/bin/../lib/gcc/arm-none-eabi/10.3.1/thumb/v7e-m+fp/hard/crti.o
LOAD f:/fri_novssd/stm32-cubeide/stm32cubeide_1.9.0/stm32cubeide/plugins/com.st.stm32cube.ide.mcu.externaltools.gnu-tools-for-stm32.10.3-2021.10.win32_1.0.0.202111181127/tools/bin/../lib/gcc/arm-none-eabi/10.3.1/thumb/v7e-m+fp/hard/crtbegin.o
LOAD f:/fri_novssd/stm32-cubeide/stm32cubeide_1.9.0/stm32cubeide/plugins/com.st.stm32cube.ide.mcu.externaltools.gnu-tools-for-stm32.10.3-2021.10.win32_1.0.0.202111181127/tools/bin/../lib/gcc/arm-none-eabi/10.3.1/../../../../arm-none-eabi/lib/thumb/v7e-m+fp/hard/crt0.o
LOAD ./Core/Src/gpio.o
LOAD ./Core/Src/i2s.o
LOAD ./Core/Src/main.o
LOAD ./Core/Src/spi.o
LOAD ./Core/Src/stm32f4xx_hal_msp.o
LOAD ./Core/Src/stm32f4xx_it.o
LOAD ./Core/Src/syscalls.o
LOAD ./Core/Src/sysmem.o
LOAD ./Core/Src/system_stm32f4xx.o
LOAD ./Core/Startup/startup_stm32f407vgtx.o
LOAD ./Drivers/STM32F4xx_HAL_Driver/Src/stm32f4xx_hal.o
LOAD ./Drivers/STM32F4xx_HAL_Driver/Src/stm32f4xx_hal_cortex.o
LOAD ./Drivers/STM32F4xx_HAL_Driver/Src/stm32f4xx_hal_dma.o
LOAD ./Drivers/STM32F4xx_HAL_Driver/Src/stm32f4xx_hal_dma_ex.o
LOAD ./Drivers/STM32F4xx_HAL_Driver/Src/stm32f4xx_hal_exti.o
LOAD ./Drivers/STM32F4xx_HAL_Driver/Src/stm32f4xx_hal_flash.o
LOAD ./Drivers/STM32F4xx_HAL_Driver/Src/stm32f4xx_hal_flash_ex.o
LOAD ./Drivers/STM32F4xx_HAL_Driver/Src/stm32f4xx_hal_flash_ramfunc.o
LOAD ./Drivers/STM32F4xx_HAL_Driver/Src/stm32f4xx_hal_gpio.o
LOAD ./Drivers/STM32F4xx_HAL_Driver/Src/stm32f4xx_hal_i2s.o
LOAD ./Drivers/STM32F4xx_HAL_Driver/Src/stm32f4xx_hal_i2s_ex.o
LOAD ./Drivers/STM32F4xx_HAL_Driver/Src/stm32f4xx_hal_pcd.o
LOAD ./Drivers/STM32F4xx_HAL_Driver/Src/stm32f4xx_hal_pcd_ex.o
LOAD ./Drivers/STM32F4xx_HAL_Driver/Src/stm32f4xx_hal_pwr.o
LOAD ./Drivers/STM32F4xx_HAL_Driver/Src/stm32f4xx_hal_pwr_ex.o
LOAD ./Drivers/STM32F4xx_HAL_Driver/Src/stm32f4xx_hal_rcc.o
LOAD ./Drivers/STM32F4xx_HAL_Driver/Src/stm32f4xx_hal_rcc_ex.o
LOAD ./Drivers/STM32F4xx_HAL_Driver/Src/stm32f4xx_hal_spi.o
LOAD ./Drivers/STM32F4xx_HAL_Driver/Src/stm32f4xx_hal_tim.o
LOAD ./Drivers/STM32F4xx_HAL_Driver/Src/stm32f4xx_hal_tim_ex.o
LOAD ./Drivers/STM32F4xx_HAL_Driver/Src/stm32f4xx_ll_usb.o
LOAD ./Middlewares/ST/STM32_USB_Device_Library/Class/HID/Src/usbd_hid.o
LOAD ./Middlewares/ST/STM32_USB_Device_Library/Core/Src/usbd_core.o
LOAD ./Middlewares/ST/STM32_USB_Device_Library/Core/Src/usbd_ctlreq.o
LOAD ./Middlewares/ST/STM32_USB_Device_Library/Core/Src/usbd_ioreq.o
LOAD ./USB_DEVICE/App/usb_device.o
LOAD ./USB_DEVICE/App/usbd_desc.o
LOAD ./USB_DEVICE/Target/usbd_conf.o
START GROUP
LOAD f:/fri_novssd/stm32-cubeide/stm32cubeide_1.9.0/stm32cubeide/plugins/com.st.stm32cube.ide.mcu.externaltools.gnu-tools-for-stm32.10.3-2021.10.win32_1.0.0.202111181127/tools/bin/../lib/gcc/arm-none-eabi/10.3.1/../../../../arm-none-eabi/lib/thumb/v7e-m+fp/hard\libc_nano.a
LOAD f:/fri_novssd/stm32-cubeide/stm32cubeide_1.9.0/stm32cubeide/plugins/com.st.stm32cube.ide.mcu.externaltools.gnu-tools-for-stm32.10.3-2021.10.win32_1.0.0.202111181127/tools/bin/../lib/gcc/arm-none-eabi/10.3.1/../../../../arm-none-eabi/lib/thumb/v7e-m+fp/hard\libm.a
END GROUP
START GROUP
LOAD f:/fri_novssd/stm32-cubeide/stm32cubeide_1.9.0/stm32cubeide/plugins/com.st.stm32cube.ide.mcu.externaltools.gnu-tools-for-stm32.10.3-2021.10.win32_1.0.0.202111181127/tools/bin/../lib/gcc/arm-none-eabi/10.3.1/thumb/v7e-m+fp/hard\libgcc.a
LOAD f:/fri_novssd/stm32-cubeide/stm32cubeide_1.9.0/stm32cubeide/plugins/com.st.stm32cube.ide.mcu.externaltools.gnu-tools-for-stm32.10.3-2021.10.win32_1.0.0.202111181127/tools/bin/../lib/gcc/arm-none-eabi/10.3.1/../../../../arm-none-eabi/lib/thumb/v7e-m+fp/hard\libc_nano.a
END GROUP
START GROUP
LOAD f:/fri_novssd/stm32-cubeide/stm32cubeide_1.9.0/stm32cubeide/plugins/com.st.stm32cube.ide.mcu.externaltools.gnu-tools-for-stm32.10.3-2021.10.win32_1.0.0.202111181127/tools/bin/../lib/gcc/arm-none-eabi/10.3.1/thumb/v7e-m+fp/hard\libgcc.a
LOAD f:/fri_novssd/stm32-cubeide/stm32cubeide_1.9.0/stm32cubeide/plugins/com.st.stm32cube.ide.mcu.externaltools.gnu-tools-for-stm32.10.3-2021.10.win32_1.0.0.202111181127/tools/bin/../lib/gcc/arm-none-eabi/10.3.1/../../../../arm-none-eabi/lib/thumb/v7e-m+fp/hard\libc_nano.a
LOAD f:/fri_novssd/stm32-cubeide/stm32cubeide_1.9.0/stm32cubeide/plugins/com.st.stm32cube.ide.mcu.externaltools.gnu-tools-for-stm32.10.3-2021.10.win32_1.0.0.202111181127/tools/bin/../lib/gcc/arm-none-eabi/10.3.1/../../../../arm-none-eabi/lib/thumb/v7e-m+fp/hard\libnosys.a
END GROUP
START GROUP
LOAD f:/fri_novssd/stm32-cubeide/stm32cubeide_1.9.0/stm32cubeide/plugins/com.st.stm32cube.ide.mcu.externaltools.gnu-tools-for-stm32.10.3-2021.10.win32_1.0.0.202111181127/tools/bin/../lib/gcc/arm-none-eabi/10.3.1/thumb/v7e-m+fp/hard\libgcc.a
LOAD f:/fri_novssd/stm32-cubeide/stm32cubeide_1.9.0/stm32cubeide/plugins/com.st.stm32cube.ide.mcu.externaltools.gnu-tools-for-stm32.10.3-2021.10.win32_1.0.0.202111181127/tools/bin/../lib/gcc/arm-none-eabi/10.3.1/../../../../arm-none-eabi/lib/thumb/v7e-m+fp/hard\libc_nano.a
LOAD f:/fri_novssd/stm32-cubeide/stm32cubeide_1.9.0/stm32cubeide/plugins/com.st.stm32cube.ide.mcu.externaltools.gnu-tools-for-stm32.10.3-2021.10.win32_1.0.0.202111181127/tools/bin/../lib/gcc/arm-none-eabi/10.3.1/../../../../arm-none-eabi/lib/thumb/v7e-m+fp/hard\libnosys.a
END GROUP
LOAD f:/fri_novssd/stm32-cubeide/stm32cubeide_1.9.0/stm32cubeide/plugins/com.st.stm32cube.ide.mcu.externaltools.gnu-tools-for-stm32.10.3-2021.10.win32_1.0.0.202111181127/tools/bin/../lib/gcc/arm-none-eabi/10.3.1/thumb/v7e-m+fp/hard/crtend.o
LOAD f:/fri_novssd/stm32-cubeide/stm32cubeide_1.9.0/stm32cubeide/plugins/com.st.stm32cube.ide.mcu.externaltools.gnu-tools-for-stm32.10.3-2021.10.win32_1.0.0.202111181127/tools/bin/../lib/gcc/arm-none-eabi/10.3.1/thumb/v7e-m+fp/hard/crtn.o
                0x0000000020020000                _estack = (ORIGIN (RAM) + LENGTH (RAM))
                0x0000000000000200                _Min_Heap_Size = 0x200
                0x0000000000000400                _Min_Stack_Size = 0x400

.isr_vector     0x0000000008000000      0x188
                0x0000000008000000                . = ALIGN (0x4)
 *(.isr_vector)
 .isr_vector    0x0000000008000000      0x188 ./Core/Startup/startup_stm32f407vgtx.o
                0x0000000008000000                g_pfnVectors
                0x0000000008000188                . = ALIGN (0x4)

.text           0x0000000008000188     0x88c4
                0x0000000008000188                . = ALIGN (0x4)
 *(.text)
 .text          0x0000000008000188       0x40 f:/fri_novssd/stm32-cubeide/stm32cubeide_1.9.0/stm32cubeide/plugins/com.st.stm32cube.ide.mcu.externaltools.gnu-tools-for-stm32.10.3-2021.10.win32_1.0.0.202111181127/tools/bin/../lib/gcc/arm-none-eabi/10.3.1/thumb/v7e-m+fp/hard/crtbegin.o
 .text          0x00000000080001c8      0x378 f:/fri_novssd/stm32-cubeide/stm32cubeide_1.9.0/stm32cubeide/plugins/com.st.stm32cube.ide.mcu.externaltools.gnu-tools-for-stm32.10.3-2021.10.win32_1.0.0.202111181127/tools/bin/../lib/gcc/arm-none-eabi/10.3.1/thumb/v7e-m+fp/hard\libgcc.a(_arm_addsubdf3.o)
                0x00000000080001c8                __aeabi_drsub
                0x00000000080001d0                __aeabi_dsub
                0x00000000080001d0                __subdf3
                0x00000000080001d4                __aeabi_dadd
                0x00000000080001d4                __adddf3
                0x000000000800044c                __floatunsidf
                0x000000000800044c                __aeabi_ui2d
                0x000000000800046c                __floatsidf
                0x000000000800046c                __aeabi_i2d
                0x0000000008000490                __aeabi_f2d
                0x0000000008000490                __extendsfdf2
                0x00000000080004d4                __floatundidf
                0x00000000080004d4                __aeabi_ul2d
                0x00000000080004e4                __floatdidf
                0x00000000080004e4                __aeabi_l2d
 .text          0x0000000008000540      0x424 f:/fri_novssd/stm32-cubeide/stm32cubeide_1.9.0/stm32cubeide/plugins/com.st.stm32cube.ide.mcu.externaltools.gnu-tools-for-stm32.10.3-2021.10.win32_1.0.0.202111181127/tools/bin/../lib/gcc/arm-none-eabi/10.3.1/thumb/v7e-m+fp/hard\libgcc.a(_arm_muldivdf3.o)
                0x0000000008000540                __aeabi_dmul
                0x0000000008000540                __muldf3
                0x0000000008000794                __divdf3
                0x0000000008000794                __aeabi_ddiv
 .text          0x0000000008000964       0x50 f:/fri_novssd/stm32-cubeide/stm32cubeide_1.9.0/stm32cubeide/plugins/com.st.stm32cube.ide.mcu.externaltools.gnu-tools-for-stm32.10.3-2021.10.win32_1.0.0.202111181127/tools/bin/../lib/gcc/arm-none-eabi/10.3.1/thumb/v7e-m+fp/hard\libgcc.a(_arm_fixdfsi.o)
                0x0000000008000964                __aeabi_d2iz
                0x0000000008000964                __fixdfsi
 .text          0x00000000080009b4       0x30 f:/fri_novssd/stm32-cubeide/stm32cubeide_1.9.0/stm32cubeide/plugins/com.st.stm32cube.ide.mcu.externaltools.gnu-tools-for-stm32.10.3-2021.10.win32_1.0.0.202111181127/tools/bin/../lib/gcc/arm-none-eabi/10.3.1/thumb/v7e-m+fp/hard\libgcc.a(_aeabi_uldivmod.o)
                0x00000000080009b4                __aeabi_uldivmod
 .text          0x00000000080009e4      0x2d0 f:/fri_novssd/stm32-cubeide/stm32cubeide_1.9.0/stm32cubeide/plugins/com.st.stm32cube.ide.mcu.externaltools.gnu-tools-for-stm32.10.3-2021.10.win32_1.0.0.202111181127/tools/bin/../lib/gcc/arm-none-eabi/10.3.1/thumb/v7e-m+fp/hard\libgcc.a(_udivmoddi4.o)
                0x00000000080009e4                __udivmoddi4
 .text          0x0000000008000cb4        0x4 f:/fri_novssd/stm32-cubeide/stm32cubeide_1.9.0/stm32cubeide/plugins/com.st.stm32cube.ide.mcu.externaltools.gnu-tools-for-stm32.10.3-2021.10.win32_1.0.0.202111181127/tools/bin/../lib/gcc/arm-none-eabi/10.3.1/thumb/v7e-m+fp/hard\libgcc.a(_dvmd_tls.o)
                0x0000000008000cb4                __aeabi_idiv0
                0x0000000008000cb4                __aeabi_ldiv0
 *(.text*)
 .text.MX_GPIO_Init
                0x0000000008000cb8      0x22c ./Core/Src/gpio.o
                0x0000000008000cb8                MX_GPIO_Init
 .text.MX_I2S3_Init
                0x0000000008000ee4       0x60 ./Core/Src/i2s.o
                0x0000000008000ee4                MX_I2S3_Init
 .text.HAL_I2S_MspInit
                0x0000000008000f44      0x100 ./Core/Src/i2s.o
                0x0000000008000f44                HAL_I2S_MspInit
 .text.HAL_GPIO_EXTI_Callback
                0x0000000008001044       0x30 ./Core/Src/main.o
                0x0000000008001044                HAL_GPIO_EXTI_Callback
 *fill*         0x0000000008001074        0x4 
 .text.main     0x0000000008001078      0x44c ./Core/Src/main.o
                0x0000000008001078                main
 .text.SystemClock_Config
                0x00000000080014c4       0xd4 ./Core/Src/main.o
                0x00000000080014c4                SystemClock_Config
 .text.Error_Handler
                0x0000000008001598        0xa ./Core/Src/main.o
                0x0000000008001598                Error_Handler
 *fill*         0x00000000080015a2        0x2 
 .text.MX_SPI1_Init
                0x00000000080015a4       0x6c ./Core/Src/spi.o
                0x00000000080015a4                MX_SPI1_Init
 .text.HAL_SPI_MspInit
                0x0000000008001610       0x90 ./Core/Src/spi.o
                0x0000000008001610                HAL_SPI_MspInit
 .text.HAL_MspInit
                0x00000000080016a0       0x50 ./Core/Src/stm32f4xx_hal_msp.o
                0x00000000080016a0                HAL_MspInit
 .text.NMI_Handler
                0x00000000080016f0        0x6 ./Core/Src/stm32f4xx_it.o
                0x00000000080016f0                NMI_Handler
 .text.HardFault_Handler
                0x00000000080016f6        0x6 ./Core/Src/stm32f4xx_it.o
                0x00000000080016f6                HardFault_Handler
 .text.MemManage_Handler
                0x00000000080016fc        0x6 ./Core/Src/stm32f4xx_it.o
                0x00000000080016fc                MemManage_Handler
 .text.BusFault_Handler
                0x0000000008001702        0x6 ./Core/Src/stm32f4xx_it.o
                0x0000000008001702                BusFault_Handler
 .text.UsageFault_Handler
                0x0000000008001708        0x6 ./Core/Src/stm32f4xx_it.o
                0x0000000008001708                UsageFault_Handler
 .text.SVC_Handler
                0x000000000800170e        0xe ./Core/Src/stm32f4xx_it.o
                0x000000000800170e                SVC_Handler
 .text.DebugMon_Handler
                0x000000000800171c        0xe ./Core/Src/stm32f4xx_it.o
                0x000000000800171c                DebugMon_Handler
 .text.PendSV_Handler
                0x000000000800172a        0xe ./Core/Src/stm32f4xx_it.o
                0x000000000800172a                PendSV_Handler
 .text.SysTick_Handler
                0x0000000008001738        0xc ./Core/Src/stm32f4xx_it.o
                0x0000000008001738                SysTick_Handler
 .text.EXTI0_IRQHandler
                0x0000000008001744        0xe ./Core/Src/stm32f4xx_it.o
                0x0000000008001744                EXTI0_IRQHandler
 *fill*         0x0000000008001752        0x2 
 .text.OTG_FS_IRQHandler
                0x0000000008001754       0x14 ./Core/Src/stm32f4xx_it.o
                0x0000000008001754                OTG_FS_IRQHandler
 .text.SystemInit
                0x0000000008001768       0x24 ./Core/Src/system_stm32f4xx.o
                0x0000000008001768                SystemInit
 .text.Reset_Handler
                0x000000000800178c       0x50 ./Core/Startup/startup_stm32f407vgtx.o
                0x000000000800178c                Reset_Handler
 .text.Default_Handler
                0x00000000080017dc        0x2 ./Core/Startup/startup_stm32f407vgtx.o
                0x00000000080017dc                RTC_Alarm_IRQHandler
                0x00000000080017dc                HASH_RNG_IRQHandler
                0x00000000080017dc                EXTI2_IRQHandler
                0x00000000080017dc                TIM8_CC_IRQHandler
                0x00000000080017dc                TIM1_CC_IRQHandler
                0x00000000080017dc                DMA2_Stream5_IRQHandler
                0x00000000080017dc                DMA1_Stream5_IRQHandler
                0x00000000080017dc                PVD_IRQHandler
                0x00000000080017dc                SDIO_IRQHandler
                0x00000000080017dc                TAMP_STAMP_IRQHandler
                0x00000000080017dc                CAN2_RX1_IRQHandler
                0x00000000080017dc                EXTI3_IRQHandler
                0x00000000080017dc                TIM8_TRG_COM_TIM14_IRQHandler
                0x00000000080017dc                TIM1_UP_TIM10_IRQHandler
                0x00000000080017dc                TIM8_UP_TIM13_IRQHandler
                0x00000000080017dc                I2C3_ER_IRQHandler
                0x00000000080017dc                I2C2_EV_IRQHandler
                0x00000000080017dc                DMA1_Stream2_IRQHandler
                0x00000000080017dc                CAN1_RX0_IRQHandler
                0x00000000080017dc                FPU_IRQHandler
                0x00000000080017dc                OTG_HS_WKUP_IRQHandler
                0x00000000080017dc                CAN2_SCE_IRQHandler
                0x00000000080017dc                DMA2_Stream2_IRQHandler
                0x00000000080017dc                SPI1_IRQHandler
                0x00000000080017dc                TIM6_DAC_IRQHandler
                0x00000000080017dc                TIM1_BRK_TIM9_IRQHandler
                0x00000000080017dc                DCMI_IRQHandler
                0x00000000080017dc                CAN2_RX0_IRQHandler
                0x00000000080017dc                DMA2_Stream3_IRQHandler
                0x00000000080017dc                USART6_IRQHandler
                0x00000000080017dc                USART3_IRQHandler
                0x00000000080017dc                CAN1_RX1_IRQHandler
                0x00000000080017dc                UART5_IRQHandler
                0x00000000080017dc                DMA2_Stream0_IRQHandler
                0x00000000080017dc                TIM4_IRQHandler
                0x00000000080017dc                I2C1_EV_IRQHandler
                0x00000000080017dc                DMA1_Stream6_IRQHandler
                0x00000000080017dc                DMA1_Stream1_IRQHandler
                0x00000000080017dc                UART4_IRQHandler
                0x00000000080017dc                TIM3_IRQHandler
                0x00000000080017dc                RCC_IRQHandler
                0x00000000080017dc                TIM8_BRK_TIM12_IRQHandler
                0x00000000080017dc                Default_Handler
                0x00000000080017dc                EXTI15_10_IRQHandler
                0x00000000080017dc                ADC_IRQHandler
                0x00000000080017dc                DMA1_Stream7_IRQHandler
                0x00000000080017dc                TIM7_IRQHandler
                0x00000000080017dc                CAN2_TX_IRQHandler
                0x00000000080017dc                TIM5_IRQHandler
                0x00000000080017dc                DMA2_Stream7_IRQHandler
                0x00000000080017dc                I2C3_EV_IRQHandler
                0x00000000080017dc                EXTI9_5_IRQHandler
                0x00000000080017dc                RTC_WKUP_IRQHandler
                0x00000000080017dc                ETH_WKUP_IRQHandler
                0x00000000080017dc                SPI2_IRQHandler
                0x00000000080017dc                OTG_HS_EP1_IN_IRQHandler
                0x00000000080017dc                DMA1_Stream0_IRQHandler
                0x00000000080017dc                CAN1_TX_IRQHandler
                0x00000000080017dc                EXTI4_IRQHandler
                0x00000000080017dc                FSMC_IRQHandler
                0x00000000080017dc                ETH_IRQHandler
                0x00000000080017dc                OTG_HS_EP1_OUT_IRQHandler
                0x00000000080017dc                WWDG_IRQHandler
                0x00000000080017dc                TIM2_IRQHandler
                0x00000000080017dc                OTG_FS_WKUP_IRQHandler
                0x00000000080017dc                TIM1_TRG_COM_TIM11_IRQHandler
                0x00000000080017dc                OTG_HS_IRQHandler
                0x00000000080017dc                EXTI1_IRQHandler
                0x00000000080017dc                USART2_IRQHandler
                0x00000000080017dc                I2C2_ER_IRQHandler
                0x00000000080017dc                DMA2_Stream1_IRQHandler
                0x00000000080017dc                CAN1_SCE_IRQHandler
                0x00000000080017dc                FLASH_IRQHandler
                0x00000000080017dc                DMA2_Stream4_IRQHandler
                0x00000000080017dc                USART1_IRQHandler
                0x00000000080017dc                SPI3_IRQHandler
                0x00000000080017dc                DMA1_Stream4_IRQHandler
                0x00000000080017dc                I2C1_ER_IRQHandler
                0x00000000080017dc                DMA2_Stream6_IRQHandler
                0x00000000080017dc                DMA1_Stream3_IRQHandler
 *fill*         0x00000000080017de        0x2 
 .text.HAL_Init
                0x00000000080017e0       0x44 ./Drivers/STM32F4xx_HAL_Driver/Src/stm32f4xx_hal.o
                0x00000000080017e0                HAL_Init
 .text.HAL_InitTick
                0x0000000008001824       0x60 ./Drivers/STM32F4xx_HAL_Driver/Src/stm32f4xx_hal.o
                0x0000000008001824                HAL_InitTick
 .text.HAL_IncTick
                0x0000000008001884       0x28 ./Drivers/STM32F4xx_HAL_Driver/Src/stm32f4xx_hal.o
                0x0000000008001884                HAL_IncTick
 .text.HAL_GetTick
                0x00000000080018ac       0x18 ./Drivers/STM32F4xx_HAL_Driver/Src/stm32f4xx_hal.o
                0x00000000080018ac                HAL_GetTick
 .text.HAL_Delay
                0x00000000080018c4       0x48 ./Drivers/STM32F4xx_HAL_Driver/Src/stm32f4xx_hal.o
                0x00000000080018c4                HAL_Delay
 .text.__NVIC_SetPriorityGrouping
                0x000000000800190c       0x48 ./Drivers/STM32F4xx_HAL_Driver/Src/stm32f4xx_hal_cortex.o
 .text.__NVIC_GetPriorityGrouping
                0x0000000008001954       0x1c ./Drivers/STM32F4xx_HAL_Driver/Src/stm32f4xx_hal_cortex.o
 .text.__NVIC_EnableIRQ
                0x0000000008001970       0x3c ./Drivers/STM32F4xx_HAL_Driver/Src/stm32f4xx_hal_cortex.o
 .text.__NVIC_SetPriority
                0x00000000080019ac       0x54 ./Drivers/STM32F4xx_HAL_Driver/Src/stm32f4xx_hal_cortex.o
 .text.NVIC_EncodePriority
                0x0000000008001a00       0x66 ./Drivers/STM32F4xx_HAL_Driver/Src/stm32f4xx_hal_cortex.o
 *fill*         0x0000000008001a66        0x2 
 .text.SysTick_Config
                0x0000000008001a68       0x44 ./Drivers/STM32F4xx_HAL_Driver/Src/stm32f4xx_hal_cortex.o
 .text.HAL_NVIC_SetPriorityGrouping
                0x0000000008001aac       0x16 ./Drivers/STM32F4xx_HAL_Driver/Src/stm32f4xx_hal_cortex.o
                0x0000000008001aac                HAL_NVIC_SetPriorityGrouping
 .text.HAL_NVIC_SetPriority
                0x0000000008001ac2       0x38 ./Drivers/STM32F4xx_HAL_Driver/Src/stm32f4xx_hal_cortex.o
                0x0000000008001ac2                HAL_NVIC_SetPriority
 .text.HAL_NVIC_EnableIRQ
                0x0000000008001afa       0x1c ./Drivers/STM32F4xx_HAL_Driver/Src/stm32f4xx_hal_cortex.o
                0x0000000008001afa                HAL_NVIC_EnableIRQ
 .text.HAL_SYSTICK_Config
                0x0000000008001b16       0x18 ./Drivers/STM32F4xx_HAL_Driver/Src/stm32f4xx_hal_cortex.o
                0x0000000008001b16                HAL_SYSTICK_Config
 *fill*         0x0000000008001b2e        0x2 
 .text.HAL_GPIO_Init
                0x0000000008001b30      0x338 ./Drivers/STM32F4xx_HAL_Driver/Src/stm32f4xx_hal_gpio.o
                0x0000000008001b30                HAL_GPIO_Init
 .text.HAL_GPIO_ReadPin
                0x0000000008001e68       0x30 ./Drivers/STM32F4xx_HAL_Driver/Src/stm32f4xx_hal_gpio.o
                0x0000000008001e68                HAL_GPIO_ReadPin
 .text.HAL_GPIO_WritePin
                0x0000000008001e98       0x32 ./Drivers/STM32F4xx_HAL_Driver/Src/stm32f4xx_hal_gpio.o
                0x0000000008001e98                HAL_GPIO_WritePin
 *fill*         0x0000000008001eca        0x2 
 .text.HAL_GPIO_EXTI_IRQHandler
                0x0000000008001ecc       0x30 ./Drivers/STM32F4xx_HAL_Driver/Src/stm32f4xx_hal_gpio.o
                0x0000000008001ecc                HAL_GPIO_EXTI_IRQHandler
 .text.HAL_I2S_Init
                0x0000000008001efc      0x280 ./Drivers/STM32F4xx_HAL_Driver/Src/stm32f4xx_hal_i2s.o
                0x0000000008001efc                HAL_I2S_Init
 .text.HAL_I2S_TxCpltCallback
                0x000000000800217c       0x14 ./Drivers/STM32F4xx_HAL_Driver/Src/stm32f4xx_hal_i2s.o
                0x000000000800217c                HAL_I2S_TxCpltCallback
 .text.HAL_I2S_RxCpltCallback
                0x0000000008002190       0x14 ./Drivers/STM32F4xx_HAL_Driver/Src/stm32f4xx_hal_i2s.o
                0x0000000008002190                HAL_I2S_RxCpltCallback
 .text.HAL_I2S_ErrorCallback
                0x00000000080021a4       0x14 ./Drivers/STM32F4xx_HAL_Driver/Src/stm32f4xx_hal_i2s.o
                0x00000000080021a4                HAL_I2S_ErrorCallback
 .text.I2S_Transmit_IT
                0x00000000080021b8       0x5c ./Drivers/STM32F4xx_HAL_Driver/Src/stm32f4xx_hal_i2s.o
 .text.I2S_Receive_IT
                0x0000000008002214       0x5e ./Drivers/STM32F4xx_HAL_Driver/Src/stm32f4xx_hal_i2s.o
 .text.I2S_IRQHandler
                0x0000000008002272      0x114 ./Drivers/STM32F4xx_HAL_Driver/Src/stm32f4xx_hal_i2s.o
 *fill*         0x0000000008002386        0x2 
 .text.HAL_I2SEx_FullDuplex_IRQHandler
                0x0000000008002388      0x2a8 ./Drivers/STM32F4xx_HAL_Driver/Src/stm32f4xx_hal_i2s_ex.o
                0x0000000008002388                HAL_I2SEx_FullDuplex_IRQHandler
 .text.HAL_I2SEx_TxRxCpltCallback
                0x0000000008002630       0x14 ./Drivers/STM32F4xx_HAL_Driver/Src/stm32f4xx_hal_i2s_ex.o
                0x0000000008002630                HAL_I2SEx_TxRxCpltCallback
 .text.I2SEx_TxISR_I2S
                0x0000000008002644       0x62 ./Drivers/STM32F4xx_HAL_Driver/Src/stm32f4xx_hal_i2s_ex.o
 *fill*         0x00000000080026a6        0x2 
 .text.I2SEx_TxISR_I2SExt
                0x00000000080026a8       0x98 ./Drivers/STM32F4xx_HAL_Driver/Src/stm32f4xx_hal_i2s_ex.o
 .text.I2SEx_RxISR_I2S
                0x0000000008002740       0x64 ./Drivers/STM32F4xx_HAL_Driver/Src/stm32f4xx_hal_i2s_ex.o
 .text.I2SEx_RxISR_I2SExt
                0x00000000080027a4       0x98 ./Drivers/STM32F4xx_HAL_Driver/Src/stm32f4xx_hal_i2s_ex.o
 .text.HAL_PCD_Init
                0x000000000800283c      0x23a ./Drivers/STM32F4xx_HAL_Driver/Src/stm32f4xx_hal_pcd.o
                0x000000000800283c                HAL_PCD_Init
 .text.HAL_PCD_Start
                0x0000000008002a76       0x66 ./Drivers/STM32F4xx_HAL_Driver/Src/stm32f4xx_hal_pcd.o
                0x0000000008002a76                HAL_PCD_Start
 .text.HAL_PCD_IRQHandler
                0x0000000008002adc      0x93e ./Drivers/STM32F4xx_HAL_Driver/Src/stm32f4xx_hal_pcd.o
                0x0000000008002adc                HAL_PCD_IRQHandler
 .text.HAL_PCD_SetAddress
                0x000000000800341a       0x4a ./Drivers/STM32F4xx_HAL_Driver/Src/stm32f4xx_hal_pcd.o
                0x000000000800341a                HAL_PCD_SetAddress
 .text.HAL_PCD_EP_Open
                0x0000000008003464       0xd0 ./Drivers/STM32F4xx_HAL_Driver/Src/stm32f4xx_hal_pcd.o
                0x0000000008003464                HAL_PCD_EP_Open
 .text.HAL_PCD_EP_Close
                0x0000000008003534       0x94 ./Drivers/STM32F4xx_HAL_Driver/Src/stm32f4xx_hal_pcd.o
                0x0000000008003534                HAL_PCD_EP_Close
 .text.HAL_PCD_EP_Receive
                0x00000000080035c8       0x96 ./Drivers/STM32F4xx_HAL_Driver/Src/stm32f4xx_hal_pcd.o
                0x00000000080035c8                HAL_PCD_EP_Receive
 .text.HAL_PCD_EP_Transmit
                0x000000000800365e       0x94 ./Drivers/STM32F4xx_HAL_Driver/Src/stm32f4xx_hal_pcd.o
                0x000000000800365e                HAL_PCD_EP_Transmit
 .text.HAL_PCD_EP_SetStall
                0x00000000080036f2       0xc8 ./Drivers/STM32F4xx_HAL_Driver/Src/stm32f4xx_hal_pcd.o
                0x00000000080036f2                HAL_PCD_EP_SetStall
 .text.HAL_PCD_EP_ClrStall
                0x00000000080037ba       0xac ./Drivers/STM32F4xx_HAL_Driver/Src/stm32f4xx_hal_pcd.o
                0x00000000080037ba                HAL_PCD_EP_ClrStall
 .text.HAL_PCD_EP_Abort
                0x0000000008003866       0x62 ./Drivers/STM32F4xx_HAL_Driver/Src/stm32f4xx_hal_pcd.o
                0x0000000008003866                HAL_PCD_EP_Abort
 .text.PCD_WriteEmptyTxFifo
                0x00000000080038c8      0x11a ./Drivers/STM32F4xx_HAL_Driver/Src/stm32f4xx_hal_pcd.o
 *fill*         0x00000000080039e2        0x2 
 .text.PCD_EP_OutXfrComplete_int
                0x00000000080039e4      0x1d0 ./Drivers/STM32F4xx_HAL_Driver/Src/stm32f4xx_hal_pcd.o
 .text.PCD_EP_OutSetupPacket_int
                0x0000000008003bb4       0x8c ./Drivers/STM32F4xx_HAL_Driver/Src/stm32f4xx_hal_pcd.o
 .text.HAL_PCDEx_SetTxFiFo
                0x0000000008003c40       0x8e ./Drivers/STM32F4xx_HAL_Driver/Src/stm32f4xx_hal_pcd_ex.o
                0x0000000008003c40                HAL_PCDEx_SetTxFiFo
 .text.HAL_PCDEx_SetRxFiFo
                0x0000000008003cce       0x22 ./Drivers/STM32F4xx_HAL_Driver/Src/stm32f4xx_hal_pcd_ex.o
                0x0000000008003cce                HAL_PCDEx_SetRxFiFo
 .text.HAL_PCDEx_LPM_Callback
                0x0000000008003cf0       0x18 ./Drivers/STM32F4xx_HAL_Driver/Src/stm32f4xx_hal_pcd_ex.o
                0x0000000008003cf0                HAL_PCDEx_LPM_Callback
 .text.HAL_RCC_OscConfig
                0x0000000008003d08      0x4f0 ./Drivers/STM32F4xx_HAL_Driver/Src/stm32f4xx_hal_rcc.o
                0x0000000008003d08                HAL_RCC_OscConfig
 .text.HAL_RCC_ClockConfig
                0x00000000080041f8      0x1cc ./Drivers/STM32F4xx_HAL_Driver/Src/stm32f4xx_hal_rcc.o
                0x00000000080041f8                HAL_RCC_ClockConfig
 .text.HAL_RCC_GetSysClockFreq
                0x00000000080043c4      0x20c ./Drivers/STM32F4xx_HAL_Driver/Src/stm32f4xx_hal_rcc.o
                0x00000000080043c4                HAL_RCC_GetSysClockFreq
 .text.HAL_RCC_GetHCLKFreq
                0x00000000080045d0       0x18 ./Drivers/STM32F4xx_HAL_Driver/Src/stm32f4xx_hal_rcc.o
                0x00000000080045d0                HAL_RCC_GetHCLKFreq
 .text.HAL_RCCEx_PeriphCLKConfig
                0x00000000080045e8      0x1c4 ./Drivers/STM32F4xx_HAL_Driver/Src/stm32f4xx_hal_rcc_ex.o
                0x00000000080045e8                HAL_RCCEx_PeriphCLKConfig
 .text.HAL_RCCEx_GetPeriphCLKFreq
                0x00000000080047ac       0xbc ./Drivers/STM32F4xx_HAL_Driver/Src/stm32f4xx_hal_rcc_ex.o
                0x00000000080047ac                HAL_RCCEx_GetPeriphCLKFreq
 .text.HAL_SPI_Init
                0x0000000008004868      0x112 ./Drivers/STM32F4xx_HAL_Driver/Src/stm32f4xx_hal_spi.o
                0x0000000008004868                HAL_SPI_Init
 .text.HAL_SPI_TransmitReceive
                0x000000000800497a      0x344 ./Drivers/STM32F4xx_HAL_Driver/Src/stm32f4xx_hal_spi.o
                0x000000000800497a                HAL_SPI_TransmitReceive
 *fill*         0x0000000008004cbe        0x2 
 .text.SPI_WaitFlagStateUntilTimeout
                0x0000000008004cc0      0x110 ./Drivers/STM32F4xx_HAL_Driver/Src/stm32f4xx_hal_spi.o
 .text.SPI_EndRxTxTransaction
                0x0000000008004dd0       0x84 ./Drivers/STM32F4xx_HAL_Driver/Src/stm32f4xx_hal_spi.o
 .text.USB_CoreInit
                0x0000000008004e54       0xc2 ./Drivers/STM32F4xx_HAL_Driver/Src/stm32f4xx_ll_usb.o
                0x0000000008004e54                USB_CoreInit
 *fill*         0x0000000008004f16        0x2 
 .text.USB_SetTurnaroundTime
                0x0000000008004f18      0x144 ./Drivers/STM32F4xx_HAL_Driver/Src/stm32f4xx_ll_usb.o
                0x0000000008004f18                USB_SetTurnaroundTime
 .text.USB_EnableGlobalInt
                0x000000000800505c       0x22 ./Drivers/STM32F4xx_HAL_Driver/Src/stm32f4xx_ll_usb.o
                0x000000000800505c                USB_EnableGlobalInt
 .text.USB_DisableGlobalInt
                0x000000000800507e       0x22 ./Drivers/STM32F4xx_HAL_Driver/Src/stm32f4xx_ll_usb.o
                0x000000000800507e                USB_DisableGlobalInt
 .text.USB_SetCurrentMode
                0x00000000080050a0       0x98 ./Drivers/STM32F4xx_HAL_Driver/Src/stm32f4xx_ll_usb.o
                0x00000000080050a0                USB_SetCurrentMode
 .text.USB_DevInit
                0x0000000008005138      0x2c8 ./Drivers/STM32F4xx_HAL_Driver/Src/stm32f4xx_ll_usb.o
                0x0000000008005138                USB_DevInit
 .text.USB_FlushTxFifo
                0x0000000008005400       0x68 ./Drivers/STM32F4xx_HAL_Driver/Src/stm32f4xx_ll_usb.o
                0x0000000008005400                USB_FlushTxFifo
 .text.USB_FlushRxFifo
                0x0000000008005468       0x60 ./Drivers/STM32F4xx_HAL_Driver/Src/stm32f4xx_ll_usb.o
                0x0000000008005468                USB_FlushRxFifo
 .text.USB_SetDevSpeed
                0x00000000080054c8       0x32 ./Drivers/STM32F4xx_HAL_Driver/Src/stm32f4xx_ll_usb.o
                0x00000000080054c8                USB_SetDevSpeed
 .text.USB_GetDevSpeed
                0x00000000080054fa       0x4a ./Drivers/STM32F4xx_HAL_Driver/Src/stm32f4xx_ll_usb.o
                0x00000000080054fa                USB_GetDevSpeed
 .text.USB_ActivateEndpoint
                0x0000000008005544      0x10e ./Drivers/STM32F4xx_HAL_Driver/Src/stm32f4xx_ll_usb.o
                0x0000000008005544                USB_ActivateEndpoint
 *fill*         0x0000000008005652        0x2 
 .text.USB_DeactivateEndpoint
                0x0000000008005654      0x1b8 ./Drivers/STM32F4xx_HAL_Driver/Src/stm32f4xx_ll_usb.o
                0x0000000008005654                USB_DeactivateEndpoint
 .text.USB_EPStartXfer
                0x000000000800580c      0x490 ./Drivers/STM32F4xx_HAL_Driver/Src/stm32f4xx_ll_usb.o
                0x000000000800580c                USB_EPStartXfer
 .text.USB_EP0StartXfer
                0x0000000008005c9c      0x2b0 ./Drivers/STM32F4xx_HAL_Driver/Src/stm32f4xx_ll_usb.o
                0x0000000008005c9c                USB_EP0StartXfer
 .text.USB_EPStopXfer
                0x0000000008005f4c      0x154 ./Drivers/STM32F4xx_HAL_Driver/Src/stm32f4xx_ll_usb.o
                0x0000000008005f4c                USB_EPStopXfer
 .text.USB_WritePacket
                0x00000000080060a0       0x7c ./Drivers/STM32F4xx_HAL_Driver/Src/stm32f4xx_ll_usb.o
                0x00000000080060a0                USB_WritePacket
 .text.USB_ReadPacket
                0x000000000800611c       0xb0 ./Drivers/STM32F4xx_HAL_Driver/Src/stm32f4xx_ll_usb.o
                0x000000000800611c                USB_ReadPacket
 .text.USB_EPSetStall
                0x00000000080061cc       0xdc ./Drivers/STM32F4xx_HAL_Driver/Src/stm32f4xx_ll_usb.o
                0x00000000080061cc                USB_EPSetStall
 .text.USB_EPClearStall
                0x00000000080062a8       0xcc ./Drivers/STM32F4xx_HAL_Driver/Src/stm32f4xx_ll_usb.o
                0x00000000080062a8                USB_EPClearStall
 .text.USB_SetDevAddress
                0x0000000008006374       0x4c ./Drivers/STM32F4xx_HAL_Driver/Src/stm32f4xx_ll_usb.o
                0x0000000008006374                USB_SetDevAddress
 .text.USB_DevConnect
                0x00000000080063c0       0x42 ./Drivers/STM32F4xx_HAL_Driver/Src/stm32f4xx_ll_usb.o
                0x00000000080063c0                USB_DevConnect
 .text.USB_DevDisconnect
                0x0000000008006402       0x42 ./Drivers/STM32F4xx_HAL_Driver/Src/stm32f4xx_ll_usb.o
                0x0000000008006402                USB_DevDisconnect
 .text.USB_ReadInterrupts
                0x0000000008006444       0x26 ./Drivers/STM32F4xx_HAL_Driver/Src/stm32f4xx_ll_usb.o
                0x0000000008006444                USB_ReadInterrupts
 .text.USB_ReadDevAllOutEpInterrupt
                0x000000000800646a       0x34 ./Drivers/STM32F4xx_HAL_Driver/Src/stm32f4xx_ll_usb.o
                0x000000000800646a                USB_ReadDevAllOutEpInterrupt
 .text.USB_ReadDevAllInEpInterrupt
                0x000000000800649e       0x34 ./Drivers/STM32F4xx_HAL_Driver/Src/stm32f4xx_ll_usb.o
                0x000000000800649e                USB_ReadDevAllInEpInterrupt
 .text.USB_ReadDevOutEPInterrupt
                0x00000000080064d2       0x3c ./Drivers/STM32F4xx_HAL_Driver/Src/stm32f4xx_ll_usb.o
                0x00000000080064d2                USB_ReadDevOutEPInterrupt
 .text.USB_ReadDevInEPInterrupt
                0x000000000800650e       0x5c ./Drivers/STM32F4xx_HAL_Driver/Src/stm32f4xx_ll_usb.o
                0x000000000800650e                USB_ReadDevInEPInterrupt
 .text.USB_GetMode
                0x000000000800656a       0x1c ./Drivers/STM32F4xx_HAL_Driver/Src/stm32f4xx_ll_usb.o
                0x000000000800656a                USB_GetMode
 .text.USB_ActivateSetup
                0x0000000008006586       0x46 ./Drivers/STM32F4xx_HAL_Driver/Src/stm32f4xx_ll_usb.o
                0x0000000008006586                USB_ActivateSetup
 .text.USB_EP0_OutStart
                0x00000000080065cc       0xbc ./Drivers/STM32F4xx_HAL_Driver/Src/stm32f4xx_ll_usb.o
                0x00000000080065cc                USB_EP0_OutStart
 .text.USB_CoreReset
                0x0000000008006688       0x68 ./Drivers/STM32F4xx_HAL_Driver/Src/stm32f4xx_ll_usb.o
 .text.USBD_HID_Init
                0x00000000080066f0       0xcc ./Middlewares/ST/STM32_USB_Device_Library/Class/HID/Src/usbd_hid.o
 .text.USBD_HID_DeInit
                0x00000000080067bc       0x90 ./Middlewares/ST/STM32_USB_Device_Library/Class/HID/Src/usbd_hid.o
 .text.USBD_HID_Setup
                0x000000000800684c      0x210 ./Middlewares/ST/STM32_USB_Device_Library/Class/HID/Src/usbd_hid.o
 .text.USBD_HID_SendReport
                0x0000000008006a5c       0x60 ./Middlewares/ST/STM32_USB_Device_Library/Class/HID/Src/usbd_hid.o
                0x0000000008006a5c                USBD_HID_SendReport
 .text.USBD_HID_GetFSCfgDesc
                0x0000000008006abc       0x34 ./Middlewares/ST/STM32_USB_Device_Library/Class/HID/Src/usbd_hid.o
 .text.USBD_HID_GetHSCfgDesc
                0x0000000008006af0       0x34 ./Middlewares/ST/STM32_USB_Device_Library/Class/HID/Src/usbd_hid.o
 .text.USBD_HID_GetOtherSpeedCfgDesc
                0x0000000008006b24       0x34 ./Middlewares/ST/STM32_USB_Device_Library/Class/HID/Src/usbd_hid.o
 .text.USBD_HID_DataIn
                0x0000000008006b58       0x2c ./Middlewares/ST/STM32_USB_Device_Library/Class/HID/Src/usbd_hid.o
 .text.USBD_HID_GetDeviceQualifierDesc
                0x0000000008006b84       0x20 ./Middlewares/ST/STM32_USB_Device_Library/Class/HID/Src/usbd_hid.o
 .text.USBD_Init
                0x0000000008006ba4       0x60 ./Middlewares/ST/STM32_USB_Device_Library/Core/Src/usbd_core.o
                0x0000000008006ba4                USBD_Init
 .text.USBD_RegisterClass
                0x0000000008006c04       0x6c ./Middlewares/ST/STM32_USB_Device_Library/Core/Src/usbd_core.o
                0x0000000008006c04                USBD_RegisterClass
 .text.USBD_Start
                0x0000000008006c70       0x18 ./Middlewares/ST/STM32_USB_Device_Library/Core/Src/usbd_core.o
                0x0000000008006c70                USBD_Start
 .text.USBD_RunTestMode
                0x0000000008006c88       0x16 ./Middlewares/ST/STM32_USB_Device_Library/Core/Src/usbd_core.o
                0x0000000008006c88                USBD_RunTestMode
 .text.USBD_SetClassConfig
                0x0000000008006c9e       0x38 ./Middlewares/ST/STM32_USB_Device_Library/Core/Src/usbd_core.o
                0x0000000008006c9e                USBD_SetClassConfig
 .text.USBD_ClrClassConfig
                0x0000000008006cd6       0x34 ./Middlewares/ST/STM32_USB_Device_Library/Core/Src/usbd_core.o
                0x0000000008006cd6                USBD_ClrClassConfig
 .text.USBD_LL_SetupStage
                0x0000000008006d0a       0xaa ./Middlewares/ST/STM32_USB_Device_Library/Core/Src/usbd_core.o
                0x0000000008006d0a                USBD_LL_SetupStage
 .text.USBD_LL_DataOutStage
                0x0000000008006db4      0x166 ./Middlewares/ST/STM32_USB_Device_Library/Core/Src/usbd_core.o
                0x0000000008006db4                USBD_LL_DataOutStage
 .text.USBD_LL_DataInStage
                0x0000000008006f1a      0x164 ./Middlewares/ST/STM32_USB_Device_Library/Core/Src/usbd_core.o
                0x0000000008006f1a                USBD_LL_DataInStage
 .text.USBD_LL_Reset
                0x000000000800707e       0xa4 ./Middlewares/ST/STM32_USB_Device_Library/Core/Src/usbd_core.o
                0x000000000800707e                USBD_LL_Reset
 .text.USBD_LL_SetSpeed
                0x0000000008007122       0x20 ./Middlewares/ST/STM32_USB_Device_Library/Core/Src/usbd_core.o
                0x0000000008007122                USBD_LL_SetSpeed
 .text.USBD_LL_Suspend
                0x0000000008007142       0x2c ./Middlewares/ST/STM32_USB_Device_Library/Core/Src/usbd_core.o
                0x0000000008007142                USBD_LL_Suspend
 .text.USBD_LL_Resume
                0x000000000800716e       0x30 ./Middlewares/ST/STM32_USB_Device_Library/Core/Src/usbd_core.o
                0x000000000800716e                USBD_LL_Resume
 .text.USBD_LL_SOF
                0x000000000800719e       0x40 ./Middlewares/ST/STM32_USB_Device_Library/Core/Src/usbd_core.o
                0x000000000800719e                USBD_LL_SOF
 .text.USBD_LL_IsoINIncomplete
                0x00000000080071de       0x64 ./Middlewares/ST/STM32_USB_Device_Library/Core/Src/usbd_core.o
                0x00000000080071de                USBD_LL_IsoINIncomplete
 .text.USBD_LL_IsoOUTIncomplete
                0x0000000008007242       0x64 ./Middlewares/ST/STM32_USB_Device_Library/Core/Src/usbd_core.o
                0x0000000008007242                USBD_LL_IsoOUTIncomplete
 .text.USBD_LL_DevConnected
                0x00000000080072a6       0x16 ./Middlewares/ST/STM32_USB_Device_Library/Core/Src/usbd_core.o
                0x00000000080072a6                USBD_LL_DevConnected
 .text.USBD_LL_DevDisconnected
                0x00000000080072bc       0x46 ./Middlewares/ST/STM32_USB_Device_Library/Core/Src/usbd_core.o
                0x00000000080072bc                USBD_LL_DevDisconnected
 .text.USBD_CoreFindIF
                0x0000000008007302       0x1a ./Middlewares/ST/STM32_USB_Device_Library/Core/Src/usbd_core.o
                0x0000000008007302                USBD_CoreFindIF
 .text.USBD_CoreFindEP
                0x000000000800731c       0x1a ./Middlewares/ST/STM32_USB_Device_Library/Core/Src/usbd_core.o
                0x000000000800731c                USBD_CoreFindEP
 .text.USBD_GetEpDesc
                0x0000000008007336       0x74 ./Middlewares/ST/STM32_USB_Device_Library/Core/Src/usbd_core.o
                0x0000000008007336                USBD_GetEpDesc
 .text.USBD_GetNextDesc
                0x00000000080073aa       0x3a ./Middlewares/ST/STM32_USB_Device_Library/Core/Src/usbd_core.o
                0x00000000080073aa                USBD_GetNextDesc
 .text.SWAPBYTE
                0x00000000080073e4       0x3c ./Middlewares/ST/STM32_USB_Device_Library/Core/Src/usbd_ctlreq.o
 .text.USBD_StdDevReq
                0x0000000008007420       0xe4 ./Middlewares/ST/STM32_USB_Device_Library/Core/Src/usbd_ctlreq.o
                0x0000000008007420                USBD_StdDevReq
 .text.USBD_StdItfReq
                0x0000000008007504       0xd8 ./Middlewares/ST/STM32_USB_Device_Library/Core/Src/usbd_ctlreq.o
                0x0000000008007504                USBD_StdItfReq
 .text.USBD_StdEPReq
                0x00000000080075dc      0x33a ./Middlewares/ST/STM32_USB_Device_Library/Core/Src/usbd_ctlreq.o
                0x00000000080075dc                USBD_StdEPReq
 *fill*         0x0000000008007916        0x2 
 .text.USBD_GetDescriptor
                0x0000000008007918      0x2d4 ./Middlewares/ST/STM32_USB_Device_Library/Core/Src/usbd_ctlreq.o
 .text.USBD_SetAddress
                0x0000000008007bec       0x88 ./Middlewares/ST/STM32_USB_Device_Library/Core/Src/usbd_ctlreq.o
 .text.USBD_SetConfig
                0x0000000008007c74      0x154 ./Middlewares/ST/STM32_USB_Device_Library/Core/Src/usbd_ctlreq.o
 .text.USBD_GetConfig
                0x0000000008007dc8       0x6c ./Middlewares/ST/STM32_USB_Device_Library/Core/Src/usbd_ctlreq.o
 .text.USBD_GetStatus
                0x0000000008007e34       0x68 ./Middlewares/ST/STM32_USB_Device_Library/Core/Src/usbd_ctlreq.o
 .text.USBD_SetFeature
                0x0000000008007e9c       0x52 ./Middlewares/ST/STM32_USB_Device_Library/Core/Src/usbd_ctlreq.o
 .text.USBD_ClrFeature
                0x0000000008007eee       0x44 ./Middlewares/ST/STM32_USB_Device_Library/Core/Src/usbd_ctlreq.o
 .text.USBD_ParseSetupRequest
                0x0000000008007f32       0x74 ./Middlewares/ST/STM32_USB_Device_Library/Core/Src/usbd_ctlreq.o
                0x0000000008007f32                USBD_ParseSetupRequest
 .text.USBD_CtlError
                0x0000000008007fa6       0x22 ./Middlewares/ST/STM32_USB_Device_Library/Core/Src/usbd_ctlreq.o
                0x0000000008007fa6                USBD_CtlError
 .text.USBD_GetString
                0x0000000008007fc8       0x8c ./Middlewares/ST/STM32_USB_Device_Library/Core/Src/usbd_ctlreq.o
                0x0000000008007fc8                USBD_GetString
 .text.USBD_GetLen
                0x0000000008008054       0x34 ./Middlewares/ST/STM32_USB_Device_Library/Core/Src/usbd_ctlreq.o
 .text.USBD_CtlSendData
                0x0000000008008088       0x36 ./Middlewares/ST/STM32_USB_Device_Library/Core/Src/usbd_ioreq.o
                0x0000000008008088                USBD_CtlSendData
 .text.USBD_CtlContinueSendData
                0x00000000080080be       0x22 ./Middlewares/ST/STM32_USB_Device_Library/Core/Src/usbd_ioreq.o
                0x00000000080080be                USBD_CtlContinueSendData
 .text.USBD_CtlContinueRx
                0x00000000080080e0       0x22 ./Middlewares/ST/STM32_USB_Device_Library/Core/Src/usbd_ioreq.o
                0x00000000080080e0                USBD_CtlContinueRx
 .text.USBD_CtlSendStatus
                0x0000000008008102       0x26 ./Middlewares/ST/STM32_USB_Device_Library/Core/Src/usbd_ioreq.o
                0x0000000008008102                USBD_CtlSendStatus
 .text.USBD_CtlReceiveStatus
                0x0000000008008128       0x26 ./Middlewares/ST/STM32_USB_Device_Library/Core/Src/usbd_ioreq.o
                0x0000000008008128                USBD_CtlReceiveStatus
 *fill*         0x000000000800814e        0x2 
 .text.MX_USB_DEVICE_Init
                0x0000000008008150       0x4c ./USB_DEVICE/App/usb_device.o
                0x0000000008008150                MX_USB_DEVICE_Init
 .text.USBD_FS_DeviceDescriptor
                0x000000000800819c       0x24 ./USB_DEVICE/App/usbd_desc.o
                0x000000000800819c                USBD_FS_DeviceDescriptor
 .text.USBD_FS_LangIDStrDescriptor
                0x00000000080081c0       0x24 ./USB_DEVICE/App/usbd_desc.o
                0x00000000080081c0                USBD_FS_LangIDStrDescriptor
 .text.USBD_FS_ProductStrDescriptor
                0x00000000080081e4       0x3c ./USB_DEVICE/App/usbd_desc.o
                0x00000000080081e4                USBD_FS_ProductStrDescriptor
 .text.USBD_FS_ManufacturerStrDescriptor
                0x0000000008008220       0x28 ./USB_DEVICE/App/usbd_desc.o
                0x0000000008008220                USBD_FS_ManufacturerStrDescriptor
 .text.USBD_FS_SerialStrDescriptor
                0x0000000008008248       0x24 ./USB_DEVICE/App/usbd_desc.o
                0x0000000008008248                USBD_FS_SerialStrDescriptor
 .text.USBD_FS_ConfigStrDescriptor
                0x000000000800826c       0x3c ./USB_DEVICE/App/usbd_desc.o
                0x000000000800826c                USBD_FS_ConfigStrDescriptor
 .text.USBD_FS_InterfaceStrDescriptor
                0x00000000080082a8       0x3c ./USB_DEVICE/App/usbd_desc.o
                0x00000000080082a8                USBD_FS_InterfaceStrDescriptor
 .text.Get_SerialNum
                0x00000000080082e4       0x58 ./USB_DEVICE/App/usbd_desc.o
 .text.IntToUnicode
                0x000000000800833c       0x7e ./USB_DEVICE/App/usbd_desc.o
 *fill*         0x00000000080083ba        0x2 
 .text.HAL_PCD_MspInit
                0x00000000080083bc       0xc4 ./USB_DEVICE/Target/usbd_conf.o
                0x00000000080083bc                HAL_PCD_MspInit
 .text.HAL_PCD_SetupStageCallback
                0x0000000008008480       0x24 ./USB_DEVICE/Target/usbd_conf.o
                0x0000000008008480                HAL_PCD_SetupStageCallback
 .text.HAL_PCD_DataOutStageCallback
                0x00000000080084a4       0x36 ./USB_DEVICE/Target/usbd_conf.o
                0x00000000080084a4                HAL_PCD_DataOutStageCallback
 .text.HAL_PCD_DataInStageCallback
                0x00000000080084da       0x34 ./USB_DEVICE/Target/usbd_conf.o
                0x00000000080084da                HAL_PCD_DataInStageCallback
 .text.HAL_PCD_SOFCallback
                0x000000000800850e       0x1c ./USB_DEVICE/Target/usbd_conf.o
                0x000000000800850e                HAL_PCD_SOFCallback
 .text.HAL_PCD_ResetCallback
                0x000000000800852a       0x50 ./USB_DEVICE/Target/usbd_conf.o
                0x000000000800852a                HAL_PCD_ResetCallback
 *fill*         0x000000000800857a        0x2 
 .text.HAL_PCD_SuspendCallback
                0x000000000800857c       0x4c ./USB_DEVICE/Target/usbd_conf.o
                0x000000000800857c                HAL_PCD_SuspendCallback
 .text.HAL_PCD_ResumeCallback
                0x00000000080085c8       0x1c ./USB_DEVICE/Target/usbd_conf.o
                0x00000000080085c8                HAL_PCD_ResumeCallback
 .text.HAL_PCD_ISOOUTIncompleteCallback
                0x00000000080085e4       0x24 ./USB_DEVICE/Target/usbd_conf.o
                0x00000000080085e4                HAL_PCD_ISOOUTIncompleteCallback
 .text.HAL_PCD_ISOINIncompleteCallback
                0x0000000008008608       0x24 ./USB_DEVICE/Target/usbd_conf.o
                0x0000000008008608                HAL_PCD_ISOINIncompleteCallback
 .text.HAL_PCD_ConnectCallback
                0x000000000800862c       0x1c ./USB_DEVICE/Target/usbd_conf.o
                0x000000000800862c                HAL_PCD_ConnectCallback
 .text.HAL_PCD_DisconnectCallback
                0x0000000008008648       0x1c ./USB_DEVICE/Target/usbd_conf.o
                0x0000000008008648                HAL_PCD_DisconnectCallback
 .text.USBD_LL_Init
                0x0000000008008664       0x98 ./USB_DEVICE/Target/usbd_conf.o
                0x0000000008008664                USBD_LL_Init
 .text.USBD_LL_Start
                0x00000000080086fc       0x36 ./USB_DEVICE/Target/usbd_conf.o
                0x00000000080086fc                USBD_LL_Start
 .text.USBD_LL_OpenEP
                0x0000000008008732       0x4c ./USB_DEVICE/Target/usbd_conf.o
                0x0000000008008732                USBD_LL_OpenEP
 .text.USBD_LL_CloseEP
                0x000000000800877e       0x3e ./USB_DEVICE/Target/usbd_conf.o
                0x000000000800877e                USBD_LL_CloseEP
 .text.USBD_LL_StallEP
                0x00000000080087bc       0x3e ./USB_DEVICE/Target/usbd_conf.o
                0x00000000080087bc                USBD_LL_StallEP
 .text.USBD_LL_ClearStallEP
                0x00000000080087fa       0x3e ./USB_DEVICE/Target/usbd_conf.o
                0x00000000080087fa                USBD_LL_ClearStallEP
 .text.USBD_LL_IsStallEP
                0x0000000008008838       0x58 ./USB_DEVICE/Target/usbd_conf.o
                0x0000000008008838                USBD_LL_IsStallEP
 .text.USBD_LL_SetUSBAddress
                0x0000000008008890       0x3e ./USB_DEVICE/Target/usbd_conf.o
                0x0000000008008890                USBD_LL_SetUSBAddress
 .text.USBD_LL_Transmit
                0x00000000080088ce       0x42 ./USB_DEVICE/Target/usbd_conf.o
                0x00000000080088ce                USBD_LL_Transmit
 .text.USBD_LL_PrepareReceive
                0x0000000008008910       0x42 ./USB_DEVICE/Target/usbd_conf.o
                0x0000000008008910                USBD_LL_PrepareReceive
 *fill*         0x0000000008008952        0x2 
 .text.USBD_static_malloc
                0x0000000008008954       0x1c ./USB_DEVICE/Target/usbd_conf.o
                0x0000000008008954                USBD_static_malloc
 .text.USBD_static_free
                0x0000000008008970       0x14 ./USB_DEVICE/Target/usbd_conf.o
                0x0000000008008970                USBD_static_free
 .text.USBD_Get_USB_Status
                0x0000000008008984       0x58 ./USB_DEVICE/Target/usbd_conf.o
                0x0000000008008984                USBD_Get_USB_Status
 .text.__libc_init_array
                0x00000000080089dc       0x48 f:/fri_novssd/stm32-cubeide/stm32cubeide_1.9.0/stm32cubeide/plugins/com.st.stm32cube.ide.mcu.externaltools.gnu-tools-for-stm32.10.3-2021.10.win32_1.0.0.202111181127/tools/bin/../lib/gcc/arm-none-eabi/10.3.1/../../../../arm-none-eabi/lib/thumb/v7e-m+fp/hard\libc_nano.a(lib_a-init.o)
                0x00000000080089dc                __libc_init_array
 .text.memset   0x0000000008008a24       0x10 f:/fri_novssd/stm32-cubeide/stm32cubeide_1.9.0/stm32cubeide/plugins/com.st.stm32cube.ide.mcu.externaltools.gnu-tools-for-stm32.10.3-2021.10.win32_1.0.0.202111181127/tools/bin/../lib/gcc/arm-none-eabi/10.3.1/../../../../arm-none-eabi/lib/thumb/v7e-m+fp/hard\libc_nano.a(lib_a-memset.o)
                0x0000000008008a24                memset
 *(.glue_7)
 .glue_7        0x0000000008008a34        0x0 linker stubs
 *(.glue_7t)
 .glue_7t       0x0000000008008a34        0x0 linker stubs
 *(.eh_frame)
 .eh_frame      0x0000000008008a34        0x0 f:/fri_novssd/stm32-cubeide/stm32cubeide_1.9.0/stm32cubeide/plugins/com.st.stm32cube.ide.mcu.externaltools.gnu-tools-for-stm32.10.3-2021.10.win32_1.0.0.202111181127/tools/bin/../lib/gcc/arm-none-eabi/10.3.1/thumb/v7e-m+fp/hard/crtbegin.o
 *(.init)
 .init          0x0000000008008a34        0x4 f:/fri_novssd/stm32-cubeide/stm32cubeide_1.9.0/stm32cubeide/plugins/com.st.stm32cube.ide.mcu.externaltools.gnu-tools-for-stm32.10.3-2021.10.win32_1.0.0.202111181127/tools/bin/../lib/gcc/arm-none-eabi/10.3.1/thumb/v7e-m+fp/hard/crti.o
                0x0000000008008a34                _init
 .init          0x0000000008008a38        0x8 f:/fri_novssd/stm32-cubeide/stm32cubeide_1.9.0/stm32cubeide/plugins/com.st.stm32cube.ide.mcu.externaltools.gnu-tools-for-stm32.10.3-2021.10.win32_1.0.0.202111181127/tools/bin/../lib/gcc/arm-none-eabi/10.3.1/thumb/v7e-m+fp/hard/crtn.o
 *(.fini)
 .fini          0x0000000008008a40        0x4 f:/fri_novssd/stm32-cubeide/stm32cubeide_1.9.0/stm32cubeide/plugins/com.st.stm32cube.ide.mcu.externaltools.gnu-tools-for-stm32.10.3-2021.10.win32_1.0.0.202111181127/tools/bin/../lib/gcc/arm-none-eabi/10.3.1/thumb/v7e-m+fp/hard/crti.o
                0x0000000008008a40                _fini
 .fini          0x0000000008008a44        0x8 f:/fri_novssd/stm32-cubeide/stm32cubeide_1.9.0/stm32cubeide/plugins/com.st.stm32cube.ide.mcu.externaltools.gnu-tools-for-stm32.10.3-2021.10.win32_1.0.0.202111181127/tools/bin/../lib/gcc/arm-none-eabi/10.3.1/thumb/v7e-m+fp/hard/crtn.o
                0x0000000008008a4c                . = ALIGN (0x4)
                0x0000000008008a4c                _etext = .

.vfp11_veneer   0x0000000008008a4c        0x0
 .vfp11_veneer  0x0000000008008a4c        0x0 linker stubs

.v4_bx          0x0000000008008a4c        0x0
 .v4_bx         0x0000000008008a4c        0x0 linker stubs

.iplt           0x0000000008008a4c        0x0
 .iplt          0x0000000008008a4c        0x0 f:/fri_novssd/stm32-cubeide/stm32cubeide_1.9.0/stm32cubeide/plugins/com.st.stm32cube.ide.mcu.externaltools.gnu-tools-for-stm32.10.3-2021.10.win32_1.0.0.202111181127/tools/bin/../lib/gcc/arm-none-eabi/10.3.1/thumb/v7e-m+fp/hard/crtbegin.o

.rodata         0x0000000008008a4c       0x54
                0x0000000008008a4c                . = ALIGN (0x4)
 *(.rodata)
 .rodata        0x0000000008008a4c       0x42 ./USB_DEVICE/App/usbd_desc.o
 *(.rodata*)
 *fill*         0x0000000008008a8e        0x2 
 .rodata.AHBPrescTable
                0x0000000008008a90       0x10 ./Core/Src/system_stm32f4xx.o
                0x0000000008008a90                AHBPrescTable
                0x0000000008008aa0                . = ALIGN (0x4)

.ARM.extab      0x0000000008008aa0        0x0
                0x0000000008008aa0                . = ALIGN (0x4)
 *(.ARM.extab* .gnu.linkonce.armextab.*)
                0x0000000008008aa0                . = ALIGN (0x4)

.ARM            0x0000000008008aa0        0x8
                0x0000000008008aa0                . = ALIGN (0x4)
                0x0000000008008aa0                __exidx_start = .
 *(.ARM.exidx*)
 .ARM.exidx     0x0000000008008aa0        0x8 f:/fri_novssd/stm32-cubeide/stm32cubeide_1.9.0/stm32cubeide/plugins/com.st.stm32cube.ide.mcu.externaltools.gnu-tools-for-stm32.10.3-2021.10.win32_1.0.0.202111181127/tools/bin/../lib/gcc/arm-none-eabi/10.3.1/thumb/v7e-m+fp/hard\libgcc.a(_udivmoddi4.o)
                0x0000000008008aa8                __exidx_end = .
                0x0000000008008aa8                . = ALIGN (0x4)

.rel.dyn        0x0000000008008aa8        0x0
 .rel.iplt      0x0000000008008aa8        0x0 f:/fri_novssd/stm32-cubeide/stm32cubeide_1.9.0/stm32cubeide/plugins/com.st.stm32cube.ide.mcu.externaltools.gnu-tools-for-stm32.10.3-2021.10.win32_1.0.0.202111181127/tools/bin/../lib/gcc/arm-none-eabi/10.3.1/thumb/v7e-m+fp/hard/crtbegin.o

.preinit_array  0x0000000008008aa8        0x0
                0x0000000008008aa8                . = ALIGN (0x4)
                0x0000000008008aa8                PROVIDE (__preinit_array_start = .)
 *(.preinit_array*)
                0x0000000008008aa8                PROVIDE (__preinit_array_end = .)
                0x0000000008008aa8                . = ALIGN (0x4)

.init_array     0x0000000008008aa8        0x4
                0x0000000008008aa8                . = ALIGN (0x4)
                0x0000000008008aa8                PROVIDE (__init_array_start = .)
 *(SORT_BY_NAME(.init_array.*))
 *(.init_array*)
 .init_array    0x0000000008008aa8        0x4 f:/fri_novssd/stm32-cubeide/stm32cubeide_1.9.0/stm32cubeide/plugins/com.st.stm32cube.ide.mcu.externaltools.gnu-tools-for-stm32.10.3-2021.10.win32_1.0.0.202111181127/tools/bin/../lib/gcc/arm-none-eabi/10.3.1/thumb/v7e-m+fp/hard/crtbegin.o
                0x0000000008008aac                PROVIDE (__init_array_end = .)
                0x0000000008008aac                . = ALIGN (0x4)

.fini_array     0x0000000008008aac        0x4
                0x0000000008008aac                . = ALIGN (0x4)
                [!provide]                        PROVIDE (__fini_array_start = .)
 *(SORT_BY_NAME(.fini_array.*))
 *(.fini_array*)
 .fini_array    0x0000000008008aac        0x4 f:/fri_novssd/stm32-cubeide/stm32cubeide_1.9.0/stm32cubeide/plugins/com.st.stm32cube.ide.mcu.externaltools.gnu-tools-for-stm32.10.3-2021.10.win32_1.0.0.202111181127/tools/bin/../lib/gcc/arm-none-eabi/10.3.1/thumb/v7e-m+fp/hard/crtbegin.o
                [!provide]                        PROVIDE (__fini_array_end = .)
                0x0000000008008ab0                . = ALIGN (0x4)
                0x0000000008008ab0                _sidata = LOADADDR (.data)

.data           0x0000000020000000      0x11c load address 0x0000000008008ab0
                0x0000000020000000                . = ALIGN (0x4)
                0x0000000020000000                _sdata = .
 *(.data)
 *(.data*)
 .data.SystemCoreClock
                0x0000000020000000        0x4 ./Core/Src/system_stm32f4xx.o
                0x0000000020000000                SystemCoreClock
 .data.uwTickPrio
                0x0000000020000004        0x4 ./Drivers/STM32F4xx_HAL_Driver/Src/stm32f4xx_hal.o
                0x0000000020000004                uwTickPrio
 .data.uwTickFreq
                0x0000000020000008        0x1 ./Drivers/STM32F4xx_HAL_Driver/Src/stm32f4xx_hal.o
                0x0000000020000008                uwTickFreq
 *fill*         0x0000000020000009        0x3 
 .data.USBD_HID
                0x000000002000000c       0x38 ./Middlewares/ST/STM32_USB_Device_Library/Class/HID/Src/usbd_hid.o
                0x000000002000000c                USBD_HID
 .data.USBD_HID_CfgDesc
                0x0000000020000044       0x22 ./Middlewares/ST/STM32_USB_Device_Library/Class/HID/Src/usbd_hid.o
 *fill*         0x0000000020000066        0x2 
 .data.USBD_HID_Desc
                0x0000000020000068        0x9 ./Middlewares/ST/STM32_USB_Device_Library/Class/HID/Src/usbd_hid.o
 *fill*         0x0000000020000071        0x3 
 .data.USBD_HID_DeviceQualifierDesc
                0x0000000020000074        0xa ./Middlewares/ST/STM32_USB_Device_Library/Class/HID/Src/usbd_hid.o
 *fill*         0x000000002000007e        0x2 
 .data.HID_MOUSE_ReportDesc
                0x0000000020000080       0x4a ./Middlewares/ST/STM32_USB_Device_Library/Class/HID/Src/usbd_hid.o
 .data.HIDInEpAdd
                0x00000000200000ca        0x1 ./Middlewares/ST/STM32_USB_Device_Library/Class/HID/Src/usbd_hid.o
 *fill*         0x00000000200000cb        0x1 
 .data.FS_Desc  0x00000000200000cc       0x1c ./USB_DEVICE/App/usbd_desc.o
                0x00000000200000cc                FS_Desc
 .data.USBD_FS_DeviceDesc
                0x00000000200000e8       0x12 ./USB_DEVICE/App/usbd_desc.o
                0x00000000200000e8                USBD_FS_DeviceDesc
 *fill*         0x00000000200000fa        0x2 
 .data.USBD_LangIDDesc
                0x00000000200000fc        0x4 ./USB_DEVICE/App/usbd_desc.o
                0x00000000200000fc                USBD_LangIDDesc
 .data.USBD_StringSerial
                0x0000000020000100       0x1a ./USB_DEVICE/App/usbd_desc.o
                0x0000000020000100                USBD_StringSerial
 *(.RamFunc)
 *(.RamFunc*)
                0x000000002000011c                . = ALIGN (0x4)
 *fill*         0x000000002000011a        0x2 
                0x000000002000011c                _edata = .
                0x0000000008008bcc                _siccmram = LOADADDR (.ccmram)

.igot.plt       0x000000002000011c        0x0 load address 0x0000000008008bcc
 .igot.plt      0x000000002000011c        0x0 f:/fri_novssd/stm32-cubeide/stm32cubeide_1.9.0/stm32cubeide/plugins/com.st.stm32cube.ide.mcu.externaltools.gnu-tools-for-stm32.10.3-2021.10.win32_1.0.0.202111181127/tools/bin/../lib/gcc/arm-none-eabi/10.3.1/thumb/v7e-m+fp/hard/crtbegin.o

.ccmram         0x0000000010000000        0x0 load address 0x0000000008008bcc
                0x0000000010000000                . = ALIGN (0x4)
                0x0000000010000000                _sccmram = .
 *(.ccmram)
 *(.ccmram*)
                0x0000000010000000                . = ALIGN (0x4)
                0x0000000010000000                _eccmram = .
                0x0000000010000000                . = ALIGN (0x4)

.bss            0x000000002000011c      0xadc
                0x000000002000011c                _sbss = .
                0x000000002000011c                __bss_start__ = _sbss
 *(.bss)
 .bss           0x000000002000011c       0x1c f:/fri_novssd/stm32-cubeide/stm32cubeide_1.9.0/stm32cubeide/plugins/com.st.stm32cube.ide.mcu.externaltools.gnu-tools-for-stm32.10.3-2021.10.win32_1.0.0.202111181127/tools/bin/../lib/gcc/arm-none-eabi/10.3.1/thumb/v7e-m+fp/hard/crtbegin.o
 *(.bss*)
 .bss.hi2s3     0x0000000020000138       0x48 ./Core/Src/i2s.o
                0x0000000020000138                hi2s3
 .bss.indata    0x0000000020000180        0x2 ./Core/Src/main.o
                0x0000000020000180                indata
 *fill*         0x0000000020000182        0x2 
 .bss.outdata   0x0000000020000184        0x2 ./Core/Src/main.o
                0x0000000020000184                outdata
 .bss.lis_id    0x0000000020000186        0x1 ./Core/Src/main.o
                0x0000000020000186                lis_id
 .bss.AccelX    0x0000000020000187        0x1 ./Core/Src/main.o
                0x0000000020000187                AccelX
 .bss.AccelY    0x0000000020000188        0x1 ./Core/Src/main.o
                0x0000000020000188                AccelY
 .bss.AccelZ    0x0000000020000189        0x1 ./Core/Src/main.o
                0x0000000020000189                AccelZ
 .bss.GyroX     0x000000002000018a        0x1 ./Core/Src/main.o
                0x000000002000018a                GyroX
 .bss.GyroY     0x000000002000018b        0x1 ./Core/Src/main.o
                0x000000002000018b                GyroY
 .bss.GyroZ     0x000000002000018c        0x1 ./Core/Src/main.o
                0x000000002000018c                GyroZ
 .bss.button_flag
                0x000000002000018d        0x1 ./Core/Src/main.o
                0x000000002000018d                button_flag
 .bss.vertZero  0x000000002000018e        0x2 ./Core/Src/main.o
                0x000000002000018e                vertZero
 .bss.horzZero  0x0000000020000190        0x2 ./Core/Src/main.o
                0x0000000020000190                horzZero
 .bss.vertValue
                0x0000000020000192        0x2 ./Core/Src/main.o
                0x0000000020000192                vertValue
 .bss.horzValue
                0x0000000020000194        0x2 ./Core/Src/main.o
                0x0000000020000194                horzValue
 .bss.summ_horz
                0x0000000020000196        0x2 ./Core/Src/main.o
                0x0000000020000196                summ_horz
 .bss.mousehid  0x0000000020000198        0x4 ./Core/Src/main.o
                0x0000000020000198                mousehid
 .bss.hspi1     0x000000002000019c       0x58 ./Core/Src/spi.o
                0x000000002000019c                hspi1
 .bss.uwTick    0x00000000200001f4        0x4 ./Drivers/STM32F4xx_HAL_Driver/Src/stm32f4xx_hal.o
                0x00000000200001f4                uwTick
 .bss.cfgidx.0  0x00000000200001f8        0x1 ./Middlewares/ST/STM32_USB_Device_Library/Core/Src/usbd_ctlreq.o
 *fill*         0x00000000200001f9        0x3 
 .bss.hUsbDeviceFS
                0x00000000200001fc      0x2dc ./USB_DEVICE/App/usb_device.o
                0x00000000200001fc                hUsbDeviceFS
 .bss.USBD_StrDesc
                0x00000000200004d8      0x200 ./USB_DEVICE/App/usbd_desc.o
                0x00000000200004d8                USBD_StrDesc
 .bss.hpcd_USB_OTG_FS
                0x00000000200006d8      0x50c ./USB_DEVICE/Target/usbd_conf.o
                0x00000000200006d8                hpcd_USB_OTG_FS
 .bss.mem.0     0x0000000020000be4       0x14 ./USB_DEVICE/Target/usbd_conf.o
 *(COMMON)
                0x0000000020000bf8                . = ALIGN (0x4)
                0x0000000020000bf8                _ebss = .
                0x0000000020000bf8                __bss_end__ = _ebss

._user_heap_stack
                0x0000000020000bf8      0x600
                0x0000000020000bf8                . = ALIGN (0x8)
                [!provide]                        PROVIDE (end = .)
                0x0000000020000bf8                PROVIDE (_end = .)
                0x0000000020000df8                . = (. + _Min_Heap_Size)
 *fill*         0x0000000020000bf8      0x200 
                0x00000000200011f8                . = (. + _Min_Stack_Size)
 *fill*         0x0000000020000df8      0x400 
                0x00000000200011f8                . = ALIGN (0x8)

/DISCARD/
 libc.a(*)
 libm.a(*)
 libgcc.a(*)

.ARM.attributes
                0x0000000000000000       0x30
 *(.ARM.attributes)
 .ARM.attributes
                0x0000000000000000       0x1e f:/fri_novssd/stm32-cubeide/stm32cubeide_1.9.0/stm32cubeide/plugins/com.st.stm32cube.ide.mcu.externaltools.gnu-tools-for-stm32.10.3-2021.10.win32_1.0.0.202111181127/tools/bin/../lib/gcc/arm-none-eabi/10.3.1/thumb/v7e-m+fp/hard/crti.o
 .ARM.attributes
                0x000000000000001e       0x34 f:/fri_novssd/stm32-cubeide/stm32cubeide_1.9.0/stm32cubeide/plugins/com.st.stm32cube.ide.mcu.externaltools.gnu-tools-for-stm32.10.3-2021.10.win32_1.0.0.202111181127/tools/bin/../lib/gcc/arm-none-eabi/10.3.1/thumb/v7e-m+fp/hard/crtbegin.o
 .ARM.attributes
                0x0000000000000052       0x34 ./Core/Src/gpio.o
 .ARM.attributes
                0x0000000000000086       0x34 ./Core/Src/i2s.o
 .ARM.attributes
                0x00000000000000ba       0x34 ./Core/Src/main.o
 .ARM.attributes
                0x00000000000000ee       0x34 ./Core/Src/spi.o
 .ARM.attributes
                0x0000000000000122       0x34 ./Core/Src/stm32f4xx_hal_msp.o
 .ARM.attributes
                0x0000000000000156       0x34 ./Core/Src/stm32f4xx_it.o
 .ARM.attributes
                0x000000000000018a       0x34 ./Core/Src/system_stm32f4xx.o
 .ARM.attributes
                0x00000000000001be       0x21 ./Core/Startup/startup_stm32f407vgtx.o
 .ARM.attributes
                0x00000000000001df       0x34 ./Drivers/STM32F4xx_HAL_Driver/Src/stm32f4xx_hal.o
 .ARM.attributes
                0x0000000000000213       0x34 ./Drivers/STM32F4xx_HAL_Driver/Src/stm32f4xx_hal_cortex.o
 .ARM.attributes
                0x0000000000000247       0x34 ./Drivers/STM32F4xx_HAL_Driver/Src/stm32f4xx_hal_gpio.o
 .ARM.attributes
                0x000000000000027b       0x34 ./Drivers/STM32F4xx_HAL_Driver/Src/stm32f4xx_hal_i2s.o
 .ARM.attributes
                0x00000000000002af       0x34 ./Drivers/STM32F4xx_HAL_Driver/Src/stm32f4xx_hal_i2s_ex.o
 .ARM.attributes
                0x00000000000002e3       0x34 ./Drivers/STM32F4xx_HAL_Driver/Src/stm32f4xx_hal_pcd.o
 .ARM.attributes
                0x0000000000000317       0x34 ./Drivers/STM32F4xx_HAL_Driver/Src/stm32f4xx_hal_pcd_ex.o
 .ARM.attributes
                0x000000000000034b       0x34 ./Drivers/STM32F4xx_HAL_Driver/Src/stm32f4xx_hal_rcc.o
 .ARM.attributes
                0x000000000000037f       0x34 ./Drivers/STM32F4xx_HAL_Driver/Src/stm32f4xx_hal_rcc_ex.o
 .ARM.attributes
                0x00000000000003b3       0x34 ./Drivers/STM32F4xx_HAL_Driver/Src/stm32f4xx_hal_spi.o
 .ARM.attributes
                0x00000000000003e7       0x34 ./Drivers/STM32F4xx_HAL_Driver/Src/stm32f4xx_ll_usb.o
 .ARM.attributes
                0x000000000000041b       0x34 ./Middlewares/ST/STM32_USB_Device_Library/Class/HID/Src/usbd_hid.o
 .ARM.attributes
                0x000000000000044f       0x34 ./Middlewares/ST/STM32_USB_Device_Library/Core/Src/usbd_core.o
 .ARM.attributes
                0x0000000000000483       0x34 ./Middlewares/ST/STM32_USB_Device_Library/Core/Src/usbd_ctlreq.o
 .ARM.attributes
                0x00000000000004b7       0x34 ./Middlewares/ST/STM32_USB_Device_Library/Core/Src/usbd_ioreq.o
 .ARM.attributes
                0x00000000000004eb       0x34 ./USB_DEVICE/App/usb_device.o
 .ARM.attributes
                0x000000000000051f       0x34 ./USB_DEVICE/App/usbd_desc.o
 .ARM.attributes
                0x0000000000000553       0x34 ./USB_DEVICE/Target/usbd_conf.o
 .ARM.attributes
                0x0000000000000587       0x34 f:/fri_novssd/stm32-cubeide/stm32cubeide_1.9.0/stm32cubeide/plugins/com.st.stm32cube.ide.mcu.externaltools.gnu-tools-for-stm32.10.3-2021.10.win32_1.0.0.202111181127/tools/bin/../lib/gcc/arm-none-eabi/10.3.1/../../../../arm-none-eabi/lib/thumb/v7e-m+fp/hard\libc_nano.a(lib_a-init.o)
 .ARM.attributes
                0x00000000000005bb       0x34 f:/fri_novssd/stm32-cubeide/stm32cubeide_1.9.0/stm32cubeide/plugins/com.st.stm32cube.ide.mcu.externaltools.gnu-tools-for-stm32.10.3-2021.10.win32_1.0.0.202111181127/tools/bin/../lib/gcc/arm-none-eabi/10.3.1/../../../../arm-none-eabi/lib/thumb/v7e-m+fp/hard\libc_nano.a(lib_a-memset.o)
 .ARM.attributes
                0x00000000000005ef       0x1e f:/fri_novssd/stm32-cubeide/stm32cubeide_1.9.0/stm32cubeide/plugins/com.st.stm32cube.ide.mcu.externaltools.gnu-tools-for-stm32.10.3-2021.10.win32_1.0.0.202111181127/tools/bin/../lib/gcc/arm-none-eabi/10.3.1/thumb/v7e-m+fp/hard\libgcc.a(_arm_addsubdf3.o)
 .ARM.attributes
                0x000000000000060d       0x1e f:/fri_novssd/stm32-cubeide/stm32cubeide_1.9.0/stm32cubeide/plugins/com.st.stm32cube.ide.mcu.externaltools.gnu-tools-for-stm32.10.3-2021.10.win32_1.0.0.202111181127/tools/bin/../lib/gcc/arm-none-eabi/10.3.1/thumb/v7e-m+fp/hard\libgcc.a(_arm_muldivdf3.o)
 .ARM.attributes
                0x000000000000062b       0x1e f:/fri_novssd/stm32-cubeide/stm32cubeide_1.9.0/stm32cubeide/plugins/com.st.stm32cube.ide.mcu.externaltools.gnu-tools-for-stm32.10.3-2021.10.win32_1.0.0.202111181127/tools/bin/../lib/gcc/arm-none-eabi/10.3.1/thumb/v7e-m+fp/hard\libgcc.a(_arm_fixdfsi.o)
 .ARM.attributes
                0x0000000000000649       0x1e f:/fri_novssd/stm32-cubeide/stm32cubeide_1.9.0/stm32cubeide/plugins/com.st.stm32cube.ide.mcu.externaltools.gnu-tools-for-stm32.10.3-2021.10.win32_1.0.0.202111181127/tools/bin/../lib/gcc/arm-none-eabi/10.3.1/thumb/v7e-m+fp/hard\libgcc.a(_aeabi_uldivmod.o)
 .ARM.attributes
                0x0000000000000667       0x34 f:/fri_novssd/stm32-cubeide/stm32cubeide_1.9.0/stm32cubeide/plugins/com.st.stm32cube.ide.mcu.externaltools.gnu-tools-for-stm32.10.3-2021.10.win32_1.0.0.202111181127/tools/bin/../lib/gcc/arm-none-eabi/10.3.1/thumb/v7e-m+fp/hard\libgcc.a(_udivmoddi4.o)
 .ARM.attributes
                0x000000000000069b       0x1e f:/fri_novssd/stm32-cubeide/stm32cubeide_1.9.0/stm32cubeide/plugins/com.st.stm32cube.ide.mcu.externaltools.gnu-tools-for-stm32.10.3-2021.10.win32_1.0.0.202111181127/tools/bin/../lib/gcc/arm-none-eabi/10.3.1/thumb/v7e-m+fp/hard\libgcc.a(_dvmd_tls.o)
 .ARM.attributes
                0x00000000000006b9       0x1e f:/fri_novssd/stm32-cubeide/stm32cubeide_1.9.0/stm32cubeide/plugins/com.st.stm32cube.ide.mcu.externaltools.gnu-tools-for-stm32.10.3-2021.10.win32_1.0.0.202111181127/tools/bin/../lib/gcc/arm-none-eabi/10.3.1/thumb/v7e-m+fp/hard/crtn.o
OUTPUT(STM32_F407G_MISKA_Gyro.elf elf32-littlearm)
LOAD linker stubs
LOAD f:/fri_novssd/stm32-cubeide/stm32cubeide_1.9.0/stm32cubeide/plugins/com.st.stm32cube.ide.mcu.externaltools.gnu-tools-for-stm32.10.3-2021.10.win32_1.0.0.202111181127/tools/bin/../lib/gcc/arm-none-eabi/10.3.1/../../../../arm-none-eabi/lib/thumb/v7e-m+fp/hard\libc.a
LOAD f:/fri_novssd/stm32-cubeide/stm32cubeide_1.9.0/stm32cubeide/plugins/com.st.stm32cube.ide.mcu.externaltools.gnu-tools-for-stm32.10.3-2021.10.win32_1.0.0.202111181127/tools/bin/../lib/gcc/arm-none-eabi/10.3.1/../../../../arm-none-eabi/lib/thumb/v7e-m+fp/hard\libm.a
LOAD f:/fri_novssd/stm32-cubeide/stm32cubeide_1.9.0/stm32cubeide/plugins/com.st.stm32cube.ide.mcu.externaltools.gnu-tools-for-stm32.10.3-2021.10.win32_1.0.0.202111181127/tools/bin/../lib/gcc/arm-none-eabi/10.3.1/thumb/v7e-m+fp/hard\libgcc.a

.debug_info     0x0000000000000000    0x129d0
 .debug_info    0x0000000000000000      0x724 ./Core/Src/gpio.o
 .debug_info    0x0000000000000724      0xa7b ./Core/Src/i2s.o
 .debug_info    0x000000000000119f     0x12e1 ./Core/Src/main.o
 .debug_info    0x0000000000002480      0x9eb ./Core/Src/spi.o
 .debug_info    0x0000000000002e6b      0x2bb ./Core/Src/stm32f4xx_hal_msp.o
 .debug_info    0x0000000000003126      0x674 ./Core/Src/stm32f4xx_it.o
 .debug_info    0x000000000000379a      0x523 ./Core/Src/system_stm32f4xx.o
 .debug_info    0x0000000000003cbd       0x22 ./Core/Startup/startup_stm32f407vgtx.o
 .debug_info    0x0000000000003cdf      0x97c ./Drivers/STM32F4xx_HAL_Driver/Src/stm32f4xx_hal.o
 .debug_info    0x000000000000465b      0xe1b ./Drivers/STM32F4xx_HAL_Driver/Src/stm32f4xx_hal_cortex.o
 .debug_info    0x0000000000005476      0x76a ./Drivers/STM32F4xx_HAL_Driver/Src/stm32f4xx_hal_gpio.o
 .debug_info    0x0000000000005be0      0xeb6 ./Drivers/STM32F4xx_HAL_Driver/Src/stm32f4xx_hal_i2s.o
 .debug_info    0x0000000000006a96      0xb7b ./Drivers/STM32F4xx_HAL_Driver/Src/stm32f4xx_hal_i2s_ex.o
 .debug_info    0x0000000000007611     0x1695 ./Drivers/STM32F4xx_HAL_Driver/Src/stm32f4xx_hal_pcd.o
 .debug_info    0x0000000000008ca6      0x717 ./Drivers/STM32F4xx_HAL_Driver/Src/stm32f4xx_hal_pcd_ex.o
 .debug_info    0x00000000000093bd      0x966 ./Drivers/STM32F4xx_HAL_Driver/Src/stm32f4xx_hal_rcc.o
 .debug_info    0x0000000000009d23      0x569 ./Drivers/STM32F4xx_HAL_Driver/Src/stm32f4xx_hal_rcc_ex.o
 .debug_info    0x000000000000a28c     0x1758 ./Drivers/STM32F4xx_HAL_Driver/Src/stm32f4xx_hal_spi.o
 .debug_info    0x000000000000b9e4     0x1a97 ./Drivers/STM32F4xx_HAL_Driver/Src/stm32f4xx_ll_usb.o
 .debug_info    0x000000000000d47b      0xb0b ./Middlewares/ST/STM32_USB_Device_Library/Class/HID/Src/usbd_hid.o
 .debug_info    0x000000000000df86      0xee7 ./Middlewares/ST/STM32_USB_Device_Library/Core/Src/usbd_core.o
 .debug_info    0x000000000000ee6d      0xb7f ./Middlewares/ST/STM32_USB_Device_Library/Core/Src/usbd_ctlreq.o
 .debug_info    0x000000000000f9ec      0x7da ./Middlewares/ST/STM32_USB_Device_Library/Core/Src/usbd_ioreq.o
 .debug_info    0x00000000000101c6      0x661 ./USB_DEVICE/App/usb_device.o
 .debug_info    0x0000000000010827      0x498 ./USB_DEVICE/App/usbd_desc.o
 .debug_info    0x0000000000010cbf     0x1d11 ./USB_DEVICE/Target/usbd_conf.o

.debug_abbrev   0x0000000000000000     0x347b
 .debug_abbrev  0x0000000000000000      0x164 ./Core/Src/gpio.o
 .debug_abbrev  0x0000000000000164      0x1e0 ./Core/Src/i2s.o
 .debug_abbrev  0x0000000000000344      0x2ac ./Core/Src/main.o
 .debug_abbrev  0x00000000000005f0      0x1e0 ./Core/Src/spi.o
 .debug_abbrev  0x00000000000007d0       0xf0 ./Core/Src/stm32f4xx_hal_msp.o
 .debug_abbrev  0x00000000000008c0      0x1ae ./Core/Src/stm32f4xx_it.o
 .debug_abbrev  0x0000000000000a6e      0x116 ./Core/Src/system_stm32f4xx.o
 .debug_abbrev  0x0000000000000b84       0x12 ./Core/Startup/startup_stm32f407vgtx.o
 .debug_abbrev  0x0000000000000b96      0x20d ./Drivers/STM32F4xx_HAL_Driver/Src/stm32f4xx_hal.o
 .debug_abbrev  0x0000000000000da3      0x316 ./Drivers/STM32F4xx_HAL_Driver/Src/stm32f4xx_hal_cortex.o
 .debug_abbrev  0x00000000000010b9      0x1c4 ./Drivers/STM32F4xx_HAL_Driver/Src/stm32f4xx_hal_gpio.o
 .debug_abbrev  0x000000000000127d      0x247 ./Drivers/STM32F4xx_HAL_Driver/Src/stm32f4xx_hal_i2s.o
 .debug_abbrev  0x00000000000014c4      0x278 ./Drivers/STM32F4xx_HAL_Driver/Src/stm32f4xx_hal_i2s_ex.o
 .debug_abbrev  0x000000000000173c      0x2bb ./Drivers/STM32F4xx_HAL_Driver/Src/stm32f4xx_hal_pcd.o
 .debug_abbrev  0x00000000000019f7      0x1ce ./Drivers/STM32F4xx_HAL_Driver/Src/stm32f4xx_hal_pcd_ex.o
 .debug_abbrev  0x0000000000001bc5      0x2aa ./Drivers/STM32F4xx_HAL_Driver/Src/stm32f4xx_hal_rcc.o
 .debug_abbrev  0x0000000000001e6f      0x1a8 ./Drivers/STM32F4xx_HAL_Driver/Src/stm32f4xx_hal_rcc_ex.o
 .debug_abbrev  0x0000000000002017      0x26e ./Drivers/STM32F4xx_HAL_Driver/Src/stm32f4xx_hal_spi.o
 .debug_abbrev  0x0000000000002285      0x296 ./Drivers/STM32F4xx_HAL_Driver/Src/stm32f4xx_ll_usb.o
 .debug_abbrev  0x000000000000251b      0x291 ./Middlewares/ST/STM32_USB_Device_Library/Class/HID/Src/usbd_hid.o
 .debug_abbrev  0x00000000000027ac      0x263 ./Middlewares/ST/STM32_USB_Device_Library/Core/Src/usbd_core.o
 .debug_abbrev  0x0000000000002a0f      0x25c ./Middlewares/ST/STM32_USB_Device_Library/Core/Src/usbd_ctlreq.o
 .debug_abbrev  0x0000000000002c6b      0x18a ./Middlewares/ST/STM32_USB_Device_Library/Core/Src/usbd_ioreq.o
 .debug_abbrev  0x0000000000002df5      0x181 ./USB_DEVICE/App/usb_device.o
 .debug_abbrev  0x0000000000002f76      0x1da ./USB_DEVICE/App/usbd_desc.o
 .debug_abbrev  0x0000000000003150      0x32b ./USB_DEVICE/Target/usbd_conf.o

.debug_aranges  0x0000000000000000      0xef8
 .debug_aranges
                0x0000000000000000       0x20 ./Core/Src/gpio.o
 .debug_aranges
                0x0000000000000020       0x30 ./Core/Src/i2s.o
 .debug_aranges
                0x0000000000000050       0x38 ./Core/Src/main.o
 .debug_aranges
                0x0000000000000088       0x30 ./Core/Src/spi.o
 .debug_aranges
                0x00000000000000b8       0x20 ./Core/Src/stm32f4xx_hal_msp.o
 .debug_aranges
                0x00000000000000d8       0x70 ./Core/Src/stm32f4xx_it.o
 .debug_aranges
                0x0000000000000148       0x28 ./Core/Src/system_stm32f4xx.o
 .debug_aranges
                0x0000000000000170       0x28 ./Core/Startup/startup_stm32f407vgtx.o
 .debug_aranges
                0x0000000000000198       0xf0 ./Drivers/STM32F4xx_HAL_Driver/Src/stm32f4xx_hal.o
 .debug_aranges
                0x0000000000000288      0x118 ./Drivers/STM32F4xx_HAL_Driver/Src/stm32f4xx_hal_cortex.o
 .debug_aranges
                0x00000000000003a0       0x58 ./Drivers/STM32F4xx_HAL_Driver/Src/stm32f4xx_hal_gpio.o
 .debug_aranges
                0x00000000000003f8      0x108 ./Drivers/STM32F4xx_HAL_Driver/Src/stm32f4xx_hal_i2s.o
 .debug_aranges
                0x0000000000000500       0x88 ./Drivers/STM32F4xx_HAL_Driver/Src/stm32f4xx_hal_i2s_ex.o
 .debug_aranges
                0x0000000000000588      0x148 ./Drivers/STM32F4xx_HAL_Driver/Src/stm32f4xx_hal_pcd.o
 .debug_aranges
                0x00000000000006d0       0x38 ./Drivers/STM32F4xx_HAL_Driver/Src/stm32f4xx_hal_pcd_ex.o
 .debug_aranges
                0x0000000000000708       0x88 ./Drivers/STM32F4xx_HAL_Driver/Src/stm32f4xx_hal_rcc.o
 .debug_aranges
                0x0000000000000790       0x48 ./Drivers/STM32F4xx_HAL_Driver/Src/stm32f4xx_hal_rcc_ex.o
 .debug_aranges
                0x00000000000007d8      0x1d0 ./Drivers/STM32F4xx_HAL_Driver/Src/stm32f4xx_hal_spi.o
 .debug_aranges
                0x00000000000009a8      0x1a0 ./Drivers/STM32F4xx_HAL_Driver/Src/stm32f4xx_ll_usb.o
 .debug_aranges
                0x0000000000000b48       0x68 ./Middlewares/ST/STM32_USB_Device_Library/Class/HID/Src/usbd_hid.o
 .debug_aranges
                0x0000000000000bb0       0xd8 ./Middlewares/ST/STM32_USB_Device_Library/Core/Src/usbd_core.o
 .debug_aranges
                0x0000000000000c88       0x90 ./Middlewares/ST/STM32_USB_Device_Library/Core/Src/usbd_ctlreq.o
 .debug_aranges
                0x0000000000000d18       0x50 ./Middlewares/ST/STM32_USB_Device_Library/Core/Src/usbd_ioreq.o
 .debug_aranges
                0x0000000000000d68       0x20 ./USB_DEVICE/App/usb_device.o
 .debug_aranges
                0x0000000000000d88       0x60 ./USB_DEVICE/App/usbd_desc.o
 .debug_aranges
                0x0000000000000de8      0x110 ./USB_DEVICE/Target/usbd_conf.o

.debug_ranges   0x0000000000000000      0xd60
 .debug_ranges  0x0000000000000000       0x10 ./Core/Src/gpio.o
 .debug_ranges  0x0000000000000010       0x20 ./Core/Src/i2s.o
 .debug_ranges  0x0000000000000030       0x28 ./Core/Src/main.o
 .debug_ranges  0x0000000000000058       0x20 ./Core/Src/spi.o
 .debug_ranges  0x0000000000000078       0x10 ./Core/Src/stm32f4xx_hal_msp.o
 .debug_ranges  0x0000000000000088       0x60 ./Core/Src/stm32f4xx_it.o
 .debug_ranges  0x00000000000000e8       0x18 ./Core/Src/system_stm32f4xx.o
 .debug_ranges  0x0000000000000100       0x20 ./Core/Startup/startup_stm32f407vgtx.o
 .debug_ranges  0x0000000000000120       0xe0 ./Drivers/STM32F4xx_HAL_Driver/Src/stm32f4xx_hal.o
 .debug_ranges  0x0000000000000200      0x108 ./Drivers/STM32F4xx_HAL_Driver/Src/stm32f4xx_hal_cortex.o
 .debug_ranges  0x0000000000000308       0x48 ./Drivers/STM32F4xx_HAL_Driver/Src/stm32f4xx_hal_gpio.o
 .debug_ranges  0x0000000000000350       0xf8 ./Drivers/STM32F4xx_HAL_Driver/Src/stm32f4xx_hal_i2s.o
 .debug_ranges  0x0000000000000448       0x78 ./Drivers/STM32F4xx_HAL_Driver/Src/stm32f4xx_hal_i2s_ex.o
 .debug_ranges  0x00000000000004c0      0x138 ./Drivers/STM32F4xx_HAL_Driver/Src/stm32f4xx_hal_pcd.o
 .debug_ranges  0x00000000000005f8       0x28 ./Drivers/STM32F4xx_HAL_Driver/Src/stm32f4xx_hal_pcd_ex.o
 .debug_ranges  0x0000000000000620       0x78 ./Drivers/STM32F4xx_HAL_Driver/Src/stm32f4xx_hal_rcc.o
 .debug_ranges  0x0000000000000698       0x38 ./Drivers/STM32F4xx_HAL_Driver/Src/stm32f4xx_hal_rcc_ex.o
 .debug_ranges  0x00000000000006d0      0x1c0 ./Drivers/STM32F4xx_HAL_Driver/Src/stm32f4xx_hal_spi.o
 .debug_ranges  0x0000000000000890      0x190 ./Drivers/STM32F4xx_HAL_Driver/Src/stm32f4xx_ll_usb.o
 .debug_ranges  0x0000000000000a20       0x58 ./Middlewares/ST/STM32_USB_Device_Library/Class/HID/Src/usbd_hid.o
 .debug_ranges  0x0000000000000a78       0xc8 ./Middlewares/ST/STM32_USB_Device_Library/Core/Src/usbd_core.o
 .debug_ranges  0x0000000000000b40       0x80 ./Middlewares/ST/STM32_USB_Device_Library/Core/Src/usbd_ctlreq.o
 .debug_ranges  0x0000000000000bc0       0x40 ./Middlewares/ST/STM32_USB_Device_Library/Core/Src/usbd_ioreq.o
 .debug_ranges  0x0000000000000c00       0x10 ./USB_DEVICE/App/usb_device.o
 .debug_ranges  0x0000000000000c10       0x50 ./USB_DEVICE/App/usbd_desc.o
 .debug_ranges  0x0000000000000c60      0x100 ./USB_DEVICE/Target/usbd_conf.o

.debug_macro    0x0000000000000000    0x23f5f
 .debug_macro   0x0000000000000000      0x210 ./Core/Src/gpio.o
 .debug_macro   0x0000000000000210      0xa78 ./Core/Src/gpio.o
 .debug_macro   0x0000000000000c88      0x2a1 ./Core/Src/gpio.o
 .debug_macro   0x0000000000000f29       0x2e ./Core/Src/gpio.o
 .debug_macro   0x0000000000000f57       0x2f ./Core/Src/gpio.o
 .debug_macro   0x0000000000000f86       0x22 ./Core/Src/gpio.o
 .debug_macro   0x0000000000000fa8       0x8e ./Core/Src/gpio.o
 .debug_macro   0x0000000000001036       0x51 ./Core/Src/gpio.o
 .debug_macro   0x0000000000001087      0x103 ./Core/Src/gpio.o
 .debug_macro   0x000000000000118a       0x6a ./Core/Src/gpio.o
 .debug_macro   0x00000000000011f4      0x1df ./Core/Src/gpio.o
 .debug_macro   0x00000000000013d3       0x1c ./Core/Src/gpio.o
 .debug_macro   0x00000000000013ef       0x22 ./Core/Src/gpio.o
 .debug_macro   0x0000000000001411       0xd9 ./Core/Src/gpio.o
 .debug_macro   0x00000000000014ea     0x102d ./Core/Src/gpio.o
 .debug_macro   0x0000000000002517      0x11f ./Core/Src/gpio.o
 .debug_macro   0x0000000000002636    0x15e82 ./Core/Src/gpio.o
 .debug_macro   0x00000000000184b8       0x6d ./Core/Src/gpio.o
 .debug_macro   0x0000000000018525     0x367e ./Core/Src/gpio.o
 .debug_macro   0x000000000001bba3      0x174 ./Core/Src/gpio.o
 .debug_macro   0x000000000001bd17       0x5c ./Core/Src/gpio.o
 .debug_macro   0x000000000001bd73      0x96b ./Core/Src/gpio.o
 .debug_macro   0x000000000001c6de      0x9fe ./Core/Src/gpio.o
 .debug_macro   0x000000000001d0dc      0x115 ./Core/Src/gpio.o
 .debug_macro   0x000000000001d1f1      0x13e ./Core/Src/gpio.o
 .debug_macro   0x000000000001d32f       0xa5 ./Core/Src/gpio.o
 .debug_macro   0x000000000001d3d4      0x174 ./Core/Src/gpio.o
 .debug_macro   0x000000000001d548      0x287 ./Core/Src/gpio.o
 .debug_macro   0x000000000001d7cf       0x5f ./Core/Src/gpio.o
 .debug_macro   0x000000000001d82e      0x236 ./Core/Src/gpio.o
 .debug_macro   0x000000000001da64      0x12c ./Core/Src/gpio.o
 .debug_macro   0x000000000001db90      0x21e ./Core/Src/gpio.o
 .debug_macro   0x000000000001ddae       0x2e ./Core/Src/gpio.o
 .debug_macro   0x000000000001dddc      0x1a7 ./Core/Src/gpio.o
 .debug_macro   0x000000000001df83       0x46 ./Core/Src/gpio.o
 .debug_macro   0x000000000001dfc9       0x4a ./Core/Src/gpio.o
 .debug_macro   0x000000000001e013      0x11a ./Core/Src/gpio.o
 .debug_macro   0x000000000001e12d       0x7e ./Core/Src/gpio.o
 .debug_macro   0x000000000001e1ab       0x89 ./Core/Src/gpio.o
 .debug_macro   0x000000000001e234      0x225 ./Core/Src/gpio.o
 .debug_macro   0x000000000001e459      0x248 ./Core/Src/gpio.o
 .debug_macro   0x000000000001e6a1       0xba ./Core/Src/gpio.o
 .debug_macro   0x000000000001e75b      0x12d ./Core/Src/gpio.o
 .debug_macro   0x000000000001e888      0x172 ./Core/Src/gpio.o
 .debug_macro   0x000000000001e9fa      0x210 ./Core/Src/i2s.o
 .debug_macro   0x000000000001ec0a      0x454 ./Core/Src/main.o
 .debug_macro   0x000000000001f05e       0x52 ./Core/Src/main.o
 .debug_macro   0x000000000001f0b0       0x1e ./Core/Src/main.o
 .debug_macro   0x000000000001f0ce       0x3c ./Core/Src/main.o
 .debug_macro   0x000000000001f10a       0x34 ./Core/Src/main.o
 .debug_macro   0x000000000001f13e       0x16 ./Core/Src/main.o
 .debug_macro   0x000000000001f154       0x35 ./Core/Src/main.o
 .debug_macro   0x000000000001f189      0x341 ./Core/Src/main.o
 .debug_macro   0x000000000001f4ca       0x10 ./Core/Src/main.o
 .debug_macro   0x000000000001f4da       0x16 ./Core/Src/main.o
 .debug_macro   0x000000000001f4f0       0x43 ./Core/Src/main.o
 .debug_macro   0x000000000001f533       0x34 ./Core/Src/main.o
 .debug_macro   0x000000000001f567       0x10 ./Core/Src/main.o
 .debug_macro   0x000000000001f577       0x58 ./Core/Src/main.o
 .debug_macro   0x000000000001f5cf       0x71 ./Core/Src/main.o
 .debug_macro   0x000000000001f640       0x1c ./Core/Src/main.o
 .debug_macro   0x000000000001f65c      0x12a ./Core/Src/main.o
 .debug_macro   0x000000000001f786       0x10 ./Core/Src/main.o
 .debug_macro   0x000000000001f796       0x1c ./Core/Src/main.o
 .debug_macro   0x000000000001f7b2       0x52 ./Core/Src/main.o
 .debug_macro   0x000000000001f804       0x22 ./Core/Src/main.o
 .debug_macro   0x000000000001f826       0x10 ./Core/Src/main.o
 .debug_macro   0x000000000001f836       0x52 ./Core/Src/main.o
 .debug_macro   0x000000000001f888       0xd5 ./Core/Src/main.o
 .debug_macro   0x000000000001f95d       0x1c ./Core/Src/main.o
 .debug_macro   0x000000000001f979       0x3d ./Core/Src/main.o
 .debug_macro   0x000000000001f9b6       0x16 ./Core/Src/main.o
 .debug_macro   0x000000000001f9cc      0x145 ./Core/Src/main.o
 .debug_macro   0x000000000001fb11       0x16 ./Core/Src/main.o
 .debug_macro   0x000000000001fb27       0x16 ./Core/Src/main.o
 .debug_macro   0x000000000001fb3d       0x29 ./Core/Src/main.o
 .debug_macro   0x000000000001fb66       0x16 ./Core/Src/main.o
 .debug_macro   0x000000000001fb7c       0x20 ./Core/Src/main.o
 .debug_macro   0x000000000001fb9c       0x6b ./Core/Src/main.o
 .debug_macro   0x000000000001fc07      0x20f ./Core/Src/main.o
 .debug_macro   0x000000000001fe16       0x5f ./Core/Src/main.o
 .debug_macro   0x000000000001fe75      0x210 ./Core/Src/spi.o
 .debug_macro   0x0000000000020085      0x206 ./Core/Src/stm32f4xx_hal_msp.o
 .debug_macro   0x000000000002028b      0x210 ./Core/Src/stm32f4xx_it.o
 .debug_macro   0x000000000002049b      0x1f7 ./Core/Src/system_stm32f4xx.o
 .debug_macro   0x0000000000020692      0x257 ./Drivers/STM32F4xx_HAL_Driver/Src/stm32f4xx_hal.o
 .debug_macro   0x00000000000208e9      0x1f7 ./Drivers/STM32F4xx_HAL_Driver/Src/stm32f4xx_hal_cortex.o
 .debug_macro   0x0000000000020ae0      0x1fd ./Drivers/STM32F4xx_HAL_Driver/Src/stm32f4xx_hal_gpio.o
 .debug_macro   0x0000000000020cdd      0x1ff ./Drivers/STM32F4xx_HAL_Driver/Src/stm32f4xx_hal_i2s.o
 .debug_macro   0x0000000000020edc      0x1f7 ./Drivers/STM32F4xx_HAL_Driver/Src/stm32f4xx_hal_i2s_ex.o
 .debug_macro   0x00000000000210d3      0x203 ./Drivers/STM32F4xx_HAL_Driver/Src/stm32f4xx_hal_pcd.o
 .debug_macro   0x00000000000212d6      0x1f7 ./Drivers/STM32F4xx_HAL_Driver/Src/stm32f4xx_hal_pcd_ex.o
 .debug_macro   0x00000000000214cd      0x21b ./Drivers/STM32F4xx_HAL_Driver/Src/stm32f4xx_hal_rcc.o
 .debug_macro   0x00000000000216e8      0x1f7 ./Drivers/STM32F4xx_HAL_Driver/Src/stm32f4xx_hal_rcc_ex.o
 .debug_macro   0x00000000000218df      0x206 ./Drivers/STM32F4xx_HAL_Driver/Src/stm32f4xx_hal_spi.o
 .debug_macro   0x0000000000021ae5      0x1f7 ./Drivers/STM32F4xx_HAL_Driver/Src/stm32f4xx_ll_usb.o
 .debug_macro   0x0000000000021cdc      0x41c ./Middlewares/ST/STM32_USB_Device_Library/Class/HID/Src/usbd_hid.o
 .debug_macro   0x00000000000220f8       0x97 ./Middlewares/ST/STM32_USB_Device_Library/Class/HID/Src/usbd_hid.o
 .debug_macro   0x000000000002218f       0xfd ./Middlewares/ST/STM32_USB_Device_Library/Class/HID/Src/usbd_hid.o
 .debug_macro   0x000000000002228c       0x56 ./Middlewares/ST/STM32_USB_Device_Library/Class/HID/Src/usbd_hid.o
 .debug_macro   0x00000000000222e2      0x403 ./Middlewares/ST/STM32_USB_Device_Library/Core/Src/usbd_core.o
 .debug_macro   0x00000000000226e5      0x215 ./Middlewares/ST/STM32_USB_Device_Library/Core/Src/usbd_core.o
 .debug_macro   0x00000000000228fa      0x40d ./Middlewares/ST/STM32_USB_Device_Library/Core/Src/usbd_ctlreq.o
 .debug_macro   0x0000000000022d07      0x409 ./Middlewares/ST/STM32_USB_Device_Library/Core/Src/usbd_ioreq.o
 .debug_macro   0x0000000000023110      0x433 ./USB_DEVICE/App/usb_device.o
 .debug_macro   0x0000000000023543      0x178 ./USB_DEVICE/App/usb_device.o
 .debug_macro   0x00000000000236bb       0x22 ./USB_DEVICE/App/usb_device.o
 .debug_macro   0x00000000000236dd      0x446 ./USB_DEVICE/App/usbd_desc.o
 .debug_macro   0x0000000000023b23       0x1c ./USB_DEVICE/App/usbd_desc.o
 .debug_macro   0x0000000000023b3f      0x420 ./USB_DEVICE/Target/usbd_conf.o

.debug_line     0x0000000000000000    0x165ef
 .debug_line    0x0000000000000000      0x809 ./Core/Src/gpio.o
 .debug_line    0x0000000000000809      0x813 ./Core/Src/i2s.o
 .debug_line    0x000000000000101c      0xe7a ./Core/Src/main.o
 .debug_line    0x0000000000001e96      0x7f7 ./Core/Src/spi.o
 .debug_line    0x000000000000268d      0x787 ./Core/Src/stm32f4xx_hal_msp.o
 .debug_line    0x0000000000002e14      0x878 ./Core/Src/stm32f4xx_it.o
 .debug_line    0x000000000000368c      0x807 ./Core/Src/system_stm32f4xx.o
 .debug_line    0x0000000000003e93       0x88 ./Core/Startup/startup_stm32f407vgtx.o
 .debug_line    0x0000000000003f1b      0xa6d ./Drivers/STM32F4xx_HAL_Driver/Src/stm32f4xx_hal.o
 .debug_line    0x0000000000004988      0xd1c ./Drivers/STM32F4xx_HAL_Driver/Src/stm32f4xx_hal_cortex.o
 .debug_line    0x00000000000056a4      0xbe1 ./Drivers/STM32F4xx_HAL_Driver/Src/stm32f4xx_hal_gpio.o
 .debug_line    0x0000000000006285     0x1406 ./Drivers/STM32F4xx_HAL_Driver/Src/stm32f4xx_hal_i2s.o
 .debug_line    0x000000000000768b     0x1505 ./Drivers/STM32F4xx_HAL_Driver/Src/stm32f4xx_hal_i2s_ex.o
 .debug_line    0x0000000000008b90     0x1510 ./Drivers/STM32F4xx_HAL_Driver/Src/stm32f4xx_hal_pcd.o
 .debug_line    0x000000000000a0a0      0x850 ./Drivers/STM32F4xx_HAL_Driver/Src/stm32f4xx_hal_pcd_ex.o
 .debug_line    0x000000000000a8f0      0xde9 ./Drivers/STM32F4xx_HAL_Driver/Src/stm32f4xx_hal_rcc.o
 .debug_line    0x000000000000b6d9      0xa83 ./Drivers/STM32F4xx_HAL_Driver/Src/stm32f4xx_hal_rcc_ex.o
 .debug_line    0x000000000000c15c     0x1cf7 ./Drivers/STM32F4xx_HAL_Driver/Src/stm32f4xx_hal_spi.o
 .debug_line    0x000000000000de53     0x1b2a ./Drivers/STM32F4xx_HAL_Driver/Src/stm32f4xx_ll_usb.o
 .debug_line    0x000000000000f97d      0xf10 ./Middlewares/ST/STM32_USB_Device_Library/Class/HID/Src/usbd_hid.o
 .debug_line    0x000000000001088d     0x11e5 ./Middlewares/ST/STM32_USB_Device_Library/Core/Src/usbd_core.o
 .debug_line    0x0000000000011a72     0x13b6 ./Middlewares/ST/STM32_USB_Device_Library/Core/Src/usbd_ctlreq.o
 .debug_line    0x0000000000012e28      0xcfd ./Middlewares/ST/STM32_USB_Device_Library/Core/Src/usbd_ioreq.o
 .debug_line    0x0000000000013b25      0xc9f ./USB_DEVICE/App/usb_device.o
 .debug_line    0x00000000000147c4      0xd82 ./USB_DEVICE/App/usbd_desc.o
 .debug_line    0x0000000000015546     0x10a9 ./USB_DEVICE/Target/usbd_conf.o

.debug_str      0x0000000000000000    0xc7eb2
 .debug_str     0x0000000000000000    0xbf190 ./Core/Src/gpio.o